<html>
<body>
<pre>
<h1>µVision Build Log</h1>
<h2>Tool Versions:</h2>
IDE-Version: ¦ÌVision V5.30.0.0
Copyright (C) 2020 ARM Ltd and ARM Germany GmbH. All rights reserved.
License Information: 233 Daniel, 233, LIC=EXJT4-FPEZE-2ZWW4-FU4KK-KZDPA-NYWDH
 
Tool Versions:
Toolchain:       MDK-ARM Plus  Version: 5.30.0.0
Toolchain Path:  D:\Keil_v5\ARM\ARMCC\Bin
C Compiler:      Armcc.exe V5.06 update 6 (build 750)
Assembler:       Armasm.exe V5.06 update 6 (build 750)
Linker/Locator:  ArmLink.exe V5.06 update 6 (build 750)
Library Manager: ArmAr.exe V5.06 update 6 (build 750)
Hex Converter:   FromElf.exe V5.06 update 6 (build 750)
CPU DLL:         SARMCM3.DLL V5.30.0.0
Dialog DLL:      DCM.DLL V1.17.3.0
Target DLL:      CMSIS_AGDI.dll V1.32.5.0
Dialog DLL:      TCM.DLL V1.42.0.0
 
<h2>Project:</h2>
D:\xinbiao2022\MM32F3277_RTThread_Library-master\Seekfree_MM32F3277_RTThread_Opensource_Library\Project\MDK\MM32F3277.uvprojx
Project File Date:  11/24/2021

<h2>Output:</h2>
*** Using Compiler 'V5.06 update 6 (build 750)', folder: 'D:\Keil_v5\ARM\ARMCC\Bin'
Build target 'MM32F3277_Demo'
compiling common.c...
compiling board.c...
compiling main.c...
compiling isr.c...
assembling startup_mm32f327x_keil.s...
compiling system_mm32f327x.c...
compiling SEEKFREE_PRINTF.c...
compiling SEEKFREE_FUN.c...
compiling zf_adc.c...
compiling zf_camera.c...
compiling zf_flash.c...
compiling zf_exti.c...
compiling zf_fsmc.c...
compiling zf_pwm.c...
compiling zf_pit.c...
compiling zf_spi.c...
compiling zf_gpio.c...
compiling zf_tim.c...
compiling zf_uart.c...
compiling SEEKFREE_18TFT.c...
compiling zf_systick.c...
compiling SEEKFREE_FONT.c...
compiling SEEKFREE_7725.c...
compiling SEEKFREE_ICM20602.c...
compiling SEEKFREE_ABSOLUTE_ENCODER.c...
compiling SEEKFREE_IIC.c...
compiling SEEKFREE_IPS114_SPI.c...
compiling SEEKFREE_IPS200_PARALLEL8.c...
compiling SEEKFREE_L3G4200D.c...
compiling SEEKFREE_MMA8451.c...
compiling SEEKFREE_MPU6050.c...
compiling SEEKFREE_MT9V03X.c...
compiling SEEKFREE_OLED.c...
compiling SEEKFREE_VIRSCO.c...
compiling SEEKFREE_TSL1401.c...
compiling SEEKFREE_UART_7725.c...
compiling SEEKFREE_WIRELESS.c...
compiling hal_comp.c...
compiling hal_crc.c...
compiling hal_bkp.c...
compiling hal_adc.c...
compiling hal_can.c...
compiling hal_dbg.c...
compiling hal_dma.c...
compiling hal_exti.c...
compiling hal_crs.c...
compiling hal_dac.c...
compiling hal_flash.c...
compiling hal_fsmc.c...
compiling hal_eth.c...
compiling hal_iwdg.c...
compiling hal_misc.c...
compiling hal_gpio.c...
compiling hal_rtc.c...
compiling hal_i2c.c...
compiling hal_pwr.c...
compiling hal_rcc.c...
compiling hal_sdio.c...
compiling hal_spi.c...
compiling hal_uid.c...
compiling hal_ver.c...
compiling clock.c...
compiling hal_tim.c...
compiling hal_uart.c...
compiling components.c...
compiling cpu.c...
compiling device.c...
compiling idle.c...
compiling irq.c...
compiling hal_wwdg.c...
compiling kservice.c...
compiling mem.c...
compiling ipc.c...
compiling memheap.c...
compiling mempool.c...
compiling scheduler.c...
compiling object.c...
compiling signal.c...
compiling slab.c...
assembling context_rvds.S...
compiling thread.c...
compiling timer.c...
compiling cpuport.c...
compiling finsh_error.c...
compiling finsh_heap.c...
compiling cmd.c...
compiling finsh_compiler.c...
compiling finsh_init.c...
compiling finsh_node.c...
compiling finsh_ops.c...
compiling finsh_var.c...
compiling finsh_token.c...
compiling finsh_parser.c...
compiling finsh_vm.c...
compiling msh_file.c...
compiling msh.c...
compiling symbol.c...
compiling shell.c...
linking...
Program Size: Code=28232 RO-data=10632 RW-data=524 ZI-data=9212  
".\Objects\MM32F3277.axf" - 0 Error(s), 0 Warning(s).

<h2>Software Packages used:</h2>

Package Vendor: MindMotion
                http://www.mindmotion.com.cn/Download/MDK_KEIL/MindMotion.MM32F3270_DFP.1.0.5.pack
                MindMotion.MM32F3270_DFP.1.0.5
                MindMotion MM32F3270 Series Device Support, Drivers and Examples

<h2>Collection of Component include folders:</h2>
  .\RTE\_MM32F3277_Demo
  D:\Users\Daniel\AppData\Local\Arm\Packs\MindMotion\MM32F3270_DFP\1.0.5\Device\MM32F327x\Include

<h2>Collection of Component Files used:</h2>
Build Time Elapsed:  00:00:19
</pre>
</body>
</html>
