<!doctype html public "-//w3c//dtd html 4.0 transitional//en">
<html><head>
<title>Static Call Graph - [.\Objects\MM32F3277.axf]</title></head>
<body><HR>
<H1>Static Call Graph for image .\Objects\MM32F3277.axf</H1><HR>
<BR><P>#&#060CALLGRAPH&#062# ARM Linker, 5060750: Last Updated: Wed Nov 24 15:47:55 2021
<BR><P>
<H3>Maximum Stack Usage =        476 bytes + Unknown(Cycles, Untraceable Function Pointers)</H3><H3>
Call chain for Maximum Stack Depth:</H3>
main &rArr; rtthread_startup &rArr; rt_application_init &rArr; rt_thread_create &rArr; rt_object_allocate &rArr; rt_malloc &rArr; rt_memheap_alloc &rArr; rt_sem_take &rArr; rt_ipc_list_suspend &rArr; rt_thread_suspend &rArr; rt_timer_stop &rArr; rt_object_get_type &rArr; rt_assert_handler &rArr; rt_kprintf &rArr; rt_vsnprintf &rArr; print_number
<P>
<H3>
Mutually Recursive functions
</H3> <LI><a href="#[1c]">ADC1_2_IRQHandler</a>&nbsp;&nbsp;&nbsp;&rArr;&nbsp;&nbsp;&nbsp;<a href="#[1c]">ADC1_2_IRQHandler</a><BR>
</UL>
<P>
<H3>
Function Pointers
</H3><UL>
 <LI><a href="#[1c]">ADC1_2_IRQHandler</a> from startup_mm32f327x_keil.o(.text) referenced from startup_mm32f327x_keil.o(RESET)
 <LI><a href="#[35]">ADC3_IRQHandler</a> from startup_mm32f327x_keil.o(.text) referenced from startup_mm32f327x_keil.o(RESET)
 <LI><a href="#[4]">BusFault_Handler</a> from common.o(i.BusFault_Handler) referenced from startup_mm32f327x_keil.o(RESET)
 <LI><a href="#[1e]">CAN1_RX_IRQHandler</a> from startup_mm32f327x_keil.o(.text) referenced from startup_mm32f327x_keil.o(RESET)
 <LI><a href="#[43]">COMP1_2_IRQHandler</a> from startup_mm32f327x_keil.o(.text) referenced from startup_mm32f327x_keil.o(RESET)
 <LI><a href="#[15]">DMA1_Channel1_IRQHandler</a> from isr.o(i.DMA1_Channel1_IRQHandler) referenced from startup_mm32f327x_keil.o(RESET)
 <LI><a href="#[16]">DMA1_Channel2_IRQHandler</a> from startup_mm32f327x_keil.o(.text) referenced from startup_mm32f327x_keil.o(RESET)
 <LI><a href="#[17]">DMA1_Channel3_IRQHandler</a> from isr.o(i.DMA1_Channel3_IRQHandler) referenced from startup_mm32f327x_keil.o(RESET)
 <LI><a href="#[18]">DMA1_Channel4_IRQHandler</a> from isr.o(i.DMA1_Channel4_IRQHandler) referenced from startup_mm32f327x_keil.o(RESET)
 <LI><a href="#[19]">DMA1_Channel5_IRQHandler</a> from isr.o(i.DMA1_Channel5_IRQHandler) referenced from startup_mm32f327x_keil.o(RESET)
 <LI><a href="#[1a]">DMA1_Channel6_IRQHandler</a> from isr.o(i.DMA1_Channel6_IRQHandler) referenced from startup_mm32f327x_keil.o(RESET)
 <LI><a href="#[1b]">DMA1_Channel7_IRQHandler</a> from isr.o(i.DMA1_Channel7_IRQHandler) referenced from startup_mm32f327x_keil.o(RESET)
 <LI><a href="#[3d]">DMA2_Channel1_IRQHandler</a> from isr.o(i.DMA2_Channel1_IRQHandler) referenced from startup_mm32f327x_keil.o(RESET)
 <LI><a href="#[3e]">DMA2_Channel2_IRQHandler</a> from startup_mm32f327x_keil.o(.text) referenced from startup_mm32f327x_keil.o(RESET)
 <LI><a href="#[3f]">DMA2_Channel3_IRQHandler</a> from isr.o(i.DMA2_Channel3_IRQHandler) referenced from startup_mm32f327x_keil.o(RESET)
 <LI><a href="#[40]">DMA2_Channel4_IRQHandler</a> from isr.o(i.DMA2_Channel4_IRQHandler) referenced from startup_mm32f327x_keil.o(RESET)
 <LI><a href="#[41]">DMA2_Channel5_IRQHandler</a> from isr.o(i.DMA2_Channel5_IRQHandler) referenced from startup_mm32f327x_keil.o(RESET)
 <LI><a href="#[7]">DebugMon_Handler</a> from common.o(i.DebugMon_Handler) referenced from startup_mm32f327x_keil.o(RESET)
 <LI><a href="#[42]">ETH_IRQHandler</a> from startup_mm32f327x_keil.o(.text) referenced from startup_mm32f327x_keil.o(RESET)
 <LI><a href="#[10]">EXTI0_IRQHandler</a> from isr.o(i.EXTI0_IRQHandler) referenced from startup_mm32f327x_keil.o(RESET)
 <LI><a href="#[2e]">EXTI15_10_IRQHandler</a> from isr.o(i.EXTI15_10_IRQHandler) referenced from startup_mm32f327x_keil.o(RESET)
 <LI><a href="#[11]">EXTI1_IRQHandler</a> from isr.o(i.EXTI1_IRQHandler) referenced from startup_mm32f327x_keil.o(RESET)
 <LI><a href="#[12]">EXTI2_IRQHandler</a> from isr.o(i.EXTI2_IRQHandler) referenced from startup_mm32f327x_keil.o(RESET)
 <LI><a href="#[13]">EXTI3_IRQHandler</a> from isr.o(i.EXTI3_IRQHandler) referenced from startup_mm32f327x_keil.o(RESET)
 <LI><a href="#[14]">EXTI4_IRQHandler</a> from isr.o(i.EXTI4_IRQHandler) referenced from startup_mm32f327x_keil.o(RESET)
 <LI><a href="#[1f]">EXTI9_5_IRQHandler</a> from isr.o(i.EXTI9_5_IRQHandler) referenced from startup_mm32f327x_keil.o(RESET)
 <LI><a href="#[e]">FLASH_IRQHandler</a> from startup_mm32f327x_keil.o(.text) referenced from startup_mm32f327x_keil.o(RESET)
 <LI><a href="#[1d]">FlashCache_IRQHandler</a> from startup_mm32f327x_keil.o(.text) referenced from startup_mm32f327x_keil.o(RESET)
 <LI><a href="#[2]">HardFault_Handler</a> from context_rvds.o(.text) referenced from startup_mm32f327x_keil.o(RESET)
 <LI><a href="#[27]">I2C1_IRQHandler</a> from startup_mm32f327x_keil.o(.text) referenced from startup_mm32f327x_keil.o(RESET)
 <LI><a href="#[28]">I2C2_IRQHandler</a> from startup_mm32f327x_keil.o(.text) referenced from startup_mm32f327x_keil.o(RESET)
 <LI><a href="#[3]">MemManage_Handler</a> from common.o(i.MemManage_Handler) referenced from startup_mm32f327x_keil.o(RESET)
 <LI><a href="#[1]">NMI_Handler</a> from common.o(i.NMI_Handler) referenced from startup_mm32f327x_keil.o(RESET)
 <LI><a href="#[44]">OTG_FS_IRQHandler</a> from startup_mm32f327x_keil.o(.text) referenced from startup_mm32f327x_keil.o(RESET)
 <LI><a href="#[30]">OTG_FS_WKUP_IRQHandler</a> from startup_mm32f327x_keil.o(.text) referenced from startup_mm32f327x_keil.o(RESET)
 <LI><a href="#[b]">PVD_IRQHandler</a> from startup_mm32f327x_keil.o(.text) referenced from startup_mm32f327x_keil.o(RESET)
 <LI><a href="#[8]">PendSV_Handler</a> from context_rvds.o(.text) referenced from startup_mm32f327x_keil.o(RESET)
 <LI><a href="#[f]">RCC_CRS_IRQHandler</a> from startup_mm32f327x_keil.o(.text) referenced from startup_mm32f327x_keil.o(RESET)
 <LI><a href="#[2f]">RTCAlarm_IRQHandler</a> from startup_mm32f327x_keil.o(.text) referenced from startup_mm32f327x_keil.o(RESET)
 <LI><a href="#[d]">RTC_IRQHandler</a> from startup_mm32f327x_keil.o(.text) referenced from startup_mm32f327x_keil.o(RESET)
 <LI><a href="#[0]">Reset_Handler</a> from startup_mm32f327x_keil.o(.text) referenced from startup_mm32f327x_keil.o(RESET)
 <LI><a href="#[36]">SDIO_IRQHandler</a> from startup_mm32f327x_keil.o(.text) referenced from startup_mm32f327x_keil.o(RESET)
 <LI><a href="#[29]">SPI1_IRQHandler</a> from startup_mm32f327x_keil.o(.text) referenced from startup_mm32f327x_keil.o(RESET)
 <LI><a href="#[2a]">SPI2_IRQHandler</a> from startup_mm32f327x_keil.o(.text) referenced from startup_mm32f327x_keil.o(RESET)
 <LI><a href="#[38]">SPI3_IRQHandler</a> from startup_mm32f327x_keil.o(.text) referenced from startup_mm32f327x_keil.o(RESET)
 <LI><a href="#[6]">SVC_Handler</a> from common.o(i.SVC_Handler) referenced from startup_mm32f327x_keil.o(RESET)
 <LI><a href="#[9]">SysTick_Handler</a> from board.o(i.SysTick_Handler) referenced from startup_mm32f327x_keil.o(RESET)
 <LI><a href="#[49]">SystemInit</a> from system_mm32f327x.o(i.SystemInit) referenced from startup_mm32f327x_keil.o(.text)
 <LI><a href="#[c]">TAMPER_IRQHandler</a> from startup_mm32f327x_keil.o(.text) referenced from startup_mm32f327x_keil.o(RESET)
 <LI><a href="#[20]">TIM1_BRK_IRQHandler</a> from startup_mm32f327x_keil.o(.text) referenced from startup_mm32f327x_keil.o(RESET)
 <LI><a href="#[23]">TIM1_CC_IRQHandler</a> from startup_mm32f327x_keil.o(.text) referenced from startup_mm32f327x_keil.o(RESET)
 <LI><a href="#[22]">TIM1_TRG_COM_IRQHandler</a> from startup_mm32f327x_keil.o(.text) referenced from startup_mm32f327x_keil.o(RESET)
 <LI><a href="#[21]">TIM1_UP_IRQHandler</a> from isr.o(i.TIM1_UP_IRQHandler) referenced from startup_mm32f327x_keil.o(RESET)
 <LI><a href="#[24]">TIM2_IRQHandler</a> from isr.o(i.TIM2_IRQHandler) referenced from startup_mm32f327x_keil.o(RESET)
 <LI><a href="#[25]">TIM3_IRQHandler</a> from isr.o(i.TIM3_IRQHandler) referenced from startup_mm32f327x_keil.o(RESET)
 <LI><a href="#[26]">TIM4_IRQHandler</a> from isr.o(i.TIM4_IRQHandler) referenced from startup_mm32f327x_keil.o(RESET)
 <LI><a href="#[37]">TIM5_IRQHandler</a> from isr.o(i.TIM5_IRQHandler) referenced from startup_mm32f327x_keil.o(RESET)
 <LI><a href="#[3b]">TIM6_IRQHandler</a> from isr.o(i.TIM6_IRQHandler) referenced from startup_mm32f327x_keil.o(RESET)
 <LI><a href="#[3c]">TIM7_IRQHandler</a> from isr.o(i.TIM7_IRQHandler) referenced from startup_mm32f327x_keil.o(RESET)
 <LI><a href="#[31]">TIM8_BRK_IRQHandler</a> from startup_mm32f327x_keil.o(.text) referenced from startup_mm32f327x_keil.o(RESET)
 <LI><a href="#[34]">TIM8_CC_IRQHandler</a> from startup_mm32f327x_keil.o(.text) referenced from startup_mm32f327x_keil.o(RESET)
 <LI><a href="#[33]">TIM8_TRG_COM_IRQHandler</a> from startup_mm32f327x_keil.o(.text) referenced from startup_mm32f327x_keil.o(RESET)
 <LI><a href="#[32]">TIM8_UP_IRQHandler</a> from isr.o(i.TIM8_UP_IRQHandler) referenced from startup_mm32f327x_keil.o(RESET)
 <LI><a href="#[2b]">UART1_IRQHandler</a> from board.o(i.UART1_IRQHandler) referenced from startup_mm32f327x_keil.o(RESET)
 <LI><a href="#[2c]">UART2_IRQHandler</a> from isr.o(i.UART2_IRQHandler) referenced from startup_mm32f327x_keil.o(RESET)
 <LI><a href="#[2d]">UART3_IRQHandler</a> from isr.o(i.UART3_IRQHandler) referenced from startup_mm32f327x_keil.o(RESET)
 <LI><a href="#[39]">UART4_IRQHandler</a> from isr.o(i.UART4_IRQHandler) referenced from startup_mm32f327x_keil.o(RESET)
 <LI><a href="#[3a]">UART5_IRQHandler</a> from isr.o(i.UART5_IRQHandler) referenced from startup_mm32f327x_keil.o(RESET)
 <LI><a href="#[45]">UART6_IRQHandler</a> from isr.o(i.UART6_IRQHandler) referenced from startup_mm32f327x_keil.o(RESET)
 <LI><a href="#[46]">UART7_IRQHandler</a> from isr.o(i.UART7_IRQHandler) referenced from startup_mm32f327x_keil.o(RESET)
 <LI><a href="#[47]">UART8_IRQHandler</a> from isr.o(i.UART8_IRQHandler) referenced from startup_mm32f327x_keil.o(RESET)
 <LI><a href="#[5]">UsageFault_Handler</a> from common.o(i.UsageFault_Handler) referenced from startup_mm32f327x_keil.o(RESET)
 <LI><a href="#[a]">WWDG_IRQHandler</a> from startup_mm32f327x_keil.o(.text) referenced from startup_mm32f327x_keil.o(RESET)
 <LI><a href="#[4a]">__main</a> from entry.o(.ARM.Collect$$$$00000000) referenced from startup_mm32f327x_keil.o(.text)
 <LI><a href="#[56]">clear</a> from cmd.o(i.clear) referenced 2 times from cmd.o(FSymTab)
 <LI><a href="#[64]">cmd_free</a> from msh.o(i.cmd_free) referenced from msh.o(FSymTab)
 <LI><a href="#[63]">cmd_ps</a> from msh.o(i.cmd_ps) referenced from msh.o(FSymTab)
 <LI><a href="#[53]">finsh_system_init</a> from shell.o(i.finsh_system_init) referenced from shell.o(.rti_fn.6)
 <LI><a href="#[4d]">finsh_thread_entry</a> from shell.o(i.finsh_thread_entry) referenced from shell.o(i.finsh_system_init)
 <LI><a href="#[55]">hello</a> from cmd.o(i.hello) referenced from cmd.o(FSymTab)
 <LI><a href="#[61]">list</a> from cmd.o(i.list) referenced from cmd.o(FSymTab)
 <LI><a href="#[5a]">list_event</a> from cmd.o(i.list_event) referenced 2 times from cmd.o(FSymTab)
 <LI><a href="#[5c]">list_mailbox</a> from cmd.o(i.list_mailbox) referenced 2 times from cmd.o(FSymTab)
 <LI><a href="#[5e]">list_memheap</a> from cmd.o(i.list_memheap) referenced 2 times from cmd.o(FSymTab)
 <LI><a href="#[5f]">list_mempool</a> from cmd.o(i.list_mempool) referenced 2 times from cmd.o(FSymTab)
 <LI><a href="#[5d]">list_msgqueue</a> from cmd.o(i.list_msgqueue) referenced 2 times from cmd.o(FSymTab)
 <LI><a href="#[5b]">list_mutex</a> from cmd.o(i.list_mutex) referenced 2 times from cmd.o(FSymTab)
 <LI><a href="#[59]">list_sem</a> from cmd.o(i.list_sem) referenced 2 times from cmd.o(FSymTab)
 <LI><a href="#[58]">list_thread</a> from cmd.o(i.list_thread) referenced 2 times from cmd.o(FSymTab)
 <LI><a href="#[60]">list_timer</a> from cmd.o(i.list_timer) referenced 2 times from cmd.o(FSymTab)
 <LI><a href="#[48]">main</a> from components.o(i.$Sub$$main) referenced from entry9a.o(.ARM.Collect$$$$0000000B)
 <LI><a href="#[4e]">main_thread_entry</a> from components.o(i.main_thread_entry) referenced from components.o(i.rt_application_init)
 <LI><a href="#[62]">msh_help</a> from msh.o(i.msh_help) referenced from msh.o(FSymTab)
 <LI><a href="#[4b]">rt_thread_exit</a> from thread.o(i.rt_thread_exit) referenced from thread.o(i._rt_thread_init)
 <LI><a href="#[4f]">rt_thread_idle_entry</a> from idle.o(i.rt_thread_idle_entry) referenced from idle.o(i.rt_thread_idle_init)
 <LI><a href="#[4c]">rt_thread_timeout</a> from thread.o(i.rt_thread_timeout) referenced from thread.o(i._rt_thread_init)
 <LI><a href="#[52]">rti_board_end</a> from components.o(i.rti_board_end) referenced from components.o(.rti_fn.1.end)
 <LI><a href="#[51]">rti_board_start</a> from components.o(i.rti_board_start) referenced from components.o(.rti_fn.0.end)
 <LI><a href="#[54]">rti_end</a> from components.o(i.rti_end) referenced from components.o(.rti_fn.6.end)
 <LI><a href="#[50]">rti_start</a> from components.o(i.rti_start) referenced from components.o(.rti_fn.0)
 <LI><a href="#[57]">version</a> from cmd.o(i.version) referenced 2 times from cmd.o(FSymTab)
</UL>
<P>
<H3>
Global Symbols
</H3>
<P><STRONG><a name="[4a]"></a>__main</STRONG> (Thumb, 0 bytes, Stack size unknown bytes, entry.o(.ARM.Collect$$$$00000000))
<BR>[Address Reference Count : 1]<UL><LI> startup_mm32f327x_keil.o(.text)
</UL>
<P><STRONG><a name="[130]"></a>_main_stk</STRONG> (Thumb, 0 bytes, Stack size unknown bytes, entry2.o(.ARM.Collect$$$$00000001))

<P><STRONG><a name="[65]"></a>_main_scatterload</STRONG> (Thumb, 0 bytes, Stack size unknown bytes, entry5.o(.ARM.Collect$$$$00000004))
<BR><BR>[Calls]<UL><LI><a href="#[66]">&gt;&gt;</a>&nbsp;&nbsp;&nbsp;__scatterload
</UL>

<P><STRONG><a name="[76]"></a>__main_after_scatterload</STRONG> (Thumb, 0 bytes, Stack size unknown bytes, entry5.o(.ARM.Collect$$$$00000004))
<BR><BR>[Called By]<UL><LI><a href="#[66]">&gt;&gt;</a>&nbsp;&nbsp;&nbsp;__scatterload
</UL>

<P><STRONG><a name="[131]"></a>_main_clock</STRONG> (Thumb, 0 bytes, Stack size unknown bytes, entry7b.o(.ARM.Collect$$$$00000008))

<P><STRONG><a name="[132]"></a>_main_cpp_init</STRONG> (Thumb, 0 bytes, Stack size unknown bytes, entry8b.o(.ARM.Collect$$$$0000000A))

<P><STRONG><a name="[133]"></a>_main_init</STRONG> (Thumb, 0 bytes, Stack size unknown bytes, entry9a.o(.ARM.Collect$$$$0000000B))

<P><STRONG><a name="[134]"></a>__rt_final_cpp</STRONG> (Thumb, 0 bytes, Stack size unknown bytes, entry10a.o(.ARM.Collect$$$$0000000D))

<P><STRONG><a name="[135]"></a>__rt_final_exit</STRONG> (Thumb, 0 bytes, Stack size unknown bytes, entry11a.o(.ARM.Collect$$$$0000000F))

<P><STRONG><a name="[0]"></a>Reset_Handler</STRONG> (Thumb, 8 bytes, Stack size 0 bytes, startup_mm32f327x_keil.o(.text))
<BR>[Address Reference Count : 1]<UL><LI> startup_mm32f327x_keil.o(RESET)
</UL>
<P><STRONG><a name="[1c]"></a>ADC1_2_IRQHandler</STRONG> (Thumb, 0 bytes, Stack size 0 bytes, startup_mm32f327x_keil.o(.text))
<BR><BR>[Calls]<UL><LI><a href="#[1c]">&gt;&gt;</a>&nbsp;&nbsp;&nbsp;ADC1_2_IRQHandler
</UL>
<BR>[Called By]<UL><LI><a href="#[1c]">&gt;&gt;</a>&nbsp;&nbsp;&nbsp;ADC1_2_IRQHandler
</UL>
<BR>[Address Reference Count : 1]<UL><LI> startup_mm32f327x_keil.o(RESET)
</UL>
<P><STRONG><a name="[35]"></a>ADC3_IRQHandler</STRONG> (Thumb, 0 bytes, Stack size 0 bytes, startup_mm32f327x_keil.o(.text))
<BR>[Address Reference Count : 1]<UL><LI> startup_mm32f327x_keil.o(RESET)
</UL>
<P><STRONG><a name="[1e]"></a>CAN1_RX_IRQHandler</STRONG> (Thumb, 0 bytes, Stack size 0 bytes, startup_mm32f327x_keil.o(.text))
<BR>[Address Reference Count : 1]<UL><LI> startup_mm32f327x_keil.o(RESET)
</UL>
<P><STRONG><a name="[43]"></a>COMP1_2_IRQHandler</STRONG> (Thumb, 0 bytes, Stack size 0 bytes, startup_mm32f327x_keil.o(.text))
<BR>[Address Reference Count : 1]<UL><LI> startup_mm32f327x_keil.o(RESET)
</UL>
<P><STRONG><a name="[16]"></a>DMA1_Channel2_IRQHandler</STRONG> (Thumb, 0 bytes, Stack size 0 bytes, startup_mm32f327x_keil.o(.text))
<BR>[Address Reference Count : 1]<UL><LI> startup_mm32f327x_keil.o(RESET)
</UL>
<P><STRONG><a name="[3e]"></a>DMA2_Channel2_IRQHandler</STRONG> (Thumb, 0 bytes, Stack size 0 bytes, startup_mm32f327x_keil.o(.text))
<BR>[Address Reference Count : 1]<UL><LI> startup_mm32f327x_keil.o(RESET)
</UL>
<P><STRONG><a name="[42]"></a>ETH_IRQHandler</STRONG> (Thumb, 0 bytes, Stack size 0 bytes, startup_mm32f327x_keil.o(.text))
<BR>[Address Reference Count : 1]<UL><LI> startup_mm32f327x_keil.o(RESET)
</UL>
<P><STRONG><a name="[e]"></a>FLASH_IRQHandler</STRONG> (Thumb, 0 bytes, Stack size 0 bytes, startup_mm32f327x_keil.o(.text))
<BR>[Address Reference Count : 1]<UL><LI> startup_mm32f327x_keil.o(RESET)
</UL>
<P><STRONG><a name="[1d]"></a>FlashCache_IRQHandler</STRONG> (Thumb, 0 bytes, Stack size 0 bytes, startup_mm32f327x_keil.o(.text))
<BR>[Address Reference Count : 1]<UL><LI> startup_mm32f327x_keil.o(RESET)
</UL>
<P><STRONG><a name="[27]"></a>I2C1_IRQHandler</STRONG> (Thumb, 0 bytes, Stack size 0 bytes, startup_mm32f327x_keil.o(.text))
<BR>[Address Reference Count : 1]<UL><LI> startup_mm32f327x_keil.o(RESET)
</UL>
<P><STRONG><a name="[28]"></a>I2C2_IRQHandler</STRONG> (Thumb, 0 bytes, Stack size 0 bytes, startup_mm32f327x_keil.o(.text))
<BR>[Address Reference Count : 1]<UL><LI> startup_mm32f327x_keil.o(RESET)
</UL>
<P><STRONG><a name="[44]"></a>OTG_FS_IRQHandler</STRONG> (Thumb, 0 bytes, Stack size 0 bytes, startup_mm32f327x_keil.o(.text))
<BR>[Address Reference Count : 1]<UL><LI> startup_mm32f327x_keil.o(RESET)
</UL>
<P><STRONG><a name="[30]"></a>OTG_FS_WKUP_IRQHandler</STRONG> (Thumb, 0 bytes, Stack size 0 bytes, startup_mm32f327x_keil.o(.text))
<BR>[Address Reference Count : 1]<UL><LI> startup_mm32f327x_keil.o(RESET)
</UL>
<P><STRONG><a name="[b]"></a>PVD_IRQHandler</STRONG> (Thumb, 0 bytes, Stack size 0 bytes, startup_mm32f327x_keil.o(.text))
<BR>[Address Reference Count : 1]<UL><LI> startup_mm32f327x_keil.o(RESET)
</UL>
<P><STRONG><a name="[f]"></a>RCC_CRS_IRQHandler</STRONG> (Thumb, 0 bytes, Stack size 0 bytes, startup_mm32f327x_keil.o(.text))
<BR>[Address Reference Count : 1]<UL><LI> startup_mm32f327x_keil.o(RESET)
</UL>
<P><STRONG><a name="[2f]"></a>RTCAlarm_IRQHandler</STRONG> (Thumb, 0 bytes, Stack size 0 bytes, startup_mm32f327x_keil.o(.text))
<BR>[Address Reference Count : 1]<UL><LI> startup_mm32f327x_keil.o(RESET)
</UL>
<P><STRONG><a name="[d]"></a>RTC_IRQHandler</STRONG> (Thumb, 0 bytes, Stack size 0 bytes, startup_mm32f327x_keil.o(.text))
<BR>[Address Reference Count : 1]<UL><LI> startup_mm32f327x_keil.o(RESET)
</UL>
<P><STRONG><a name="[36]"></a>SDIO_IRQHandler</STRONG> (Thumb, 0 bytes, Stack size 0 bytes, startup_mm32f327x_keil.o(.text))
<BR>[Address Reference Count : 1]<UL><LI> startup_mm32f327x_keil.o(RESET)
</UL>
<P><STRONG><a name="[29]"></a>SPI1_IRQHandler</STRONG> (Thumb, 0 bytes, Stack size 0 bytes, startup_mm32f327x_keil.o(.text))
<BR>[Address Reference Count : 1]<UL><LI> startup_mm32f327x_keil.o(RESET)
</UL>
<P><STRONG><a name="[2a]"></a>SPI2_IRQHandler</STRONG> (Thumb, 0 bytes, Stack size 0 bytes, startup_mm32f327x_keil.o(.text))
<BR>[Address Reference Count : 1]<UL><LI> startup_mm32f327x_keil.o(RESET)
</UL>
<P><STRONG><a name="[38]"></a>SPI3_IRQHandler</STRONG> (Thumb, 0 bytes, Stack size 0 bytes, startup_mm32f327x_keil.o(.text))
<BR>[Address Reference Count : 1]<UL><LI> startup_mm32f327x_keil.o(RESET)
</UL>
<P><STRONG><a name="[c]"></a>TAMPER_IRQHandler</STRONG> (Thumb, 0 bytes, Stack size 0 bytes, startup_mm32f327x_keil.o(.text))
<BR>[Address Reference Count : 1]<UL><LI> startup_mm32f327x_keil.o(RESET)
</UL>
<P><STRONG><a name="[20]"></a>TIM1_BRK_IRQHandler</STRONG> (Thumb, 0 bytes, Stack size 0 bytes, startup_mm32f327x_keil.o(.text))
<BR>[Address Reference Count : 1]<UL><LI> startup_mm32f327x_keil.o(RESET)
</UL>
<P><STRONG><a name="[23]"></a>TIM1_CC_IRQHandler</STRONG> (Thumb, 0 bytes, Stack size 0 bytes, startup_mm32f327x_keil.o(.text))
<BR>[Address Reference Count : 1]<UL><LI> startup_mm32f327x_keil.o(RESET)
</UL>
<P><STRONG><a name="[22]"></a>TIM1_TRG_COM_IRQHandler</STRONG> (Thumb, 0 bytes, Stack size 0 bytes, startup_mm32f327x_keil.o(.text))
<BR>[Address Reference Count : 1]<UL><LI> startup_mm32f327x_keil.o(RESET)
</UL>
<P><STRONG><a name="[31]"></a>TIM8_BRK_IRQHandler</STRONG> (Thumb, 0 bytes, Stack size 0 bytes, startup_mm32f327x_keil.o(.text))
<BR>[Address Reference Count : 1]<UL><LI> startup_mm32f327x_keil.o(RESET)
</UL>
<P><STRONG><a name="[34]"></a>TIM8_CC_IRQHandler</STRONG> (Thumb, 0 bytes, Stack size 0 bytes, startup_mm32f327x_keil.o(.text))
<BR>[Address Reference Count : 1]<UL><LI> startup_mm32f327x_keil.o(RESET)
</UL>
<P><STRONG><a name="[33]"></a>TIM8_TRG_COM_IRQHandler</STRONG> (Thumb, 0 bytes, Stack size 0 bytes, startup_mm32f327x_keil.o(.text))
<BR>[Address Reference Count : 1]<UL><LI> startup_mm32f327x_keil.o(RESET)
</UL>
<P><STRONG><a name="[a]"></a>WWDG_IRQHandler</STRONG> (Thumb, 0 bytes, Stack size 0 bytes, startup_mm32f327x_keil.o(.text))
<BR>[Address Reference Count : 1]<UL><LI> startup_mm32f327x_keil.o(RESET)
</UL>
<P><STRONG><a name="[96]"></a>rt_hw_interrupt_disable</STRONG> (Thumb, 8 bytes, Stack size 0 bytes, context_rvds.o(.text))
<BR><BR>[Called By]<UL><LI><a href="#[f0]">&gt;&gt;</a>&nbsp;&nbsp;&nbsp;rt_mb_recv
<LI><a href="#[ef]">&gt;&gt;</a>&nbsp;&nbsp;&nbsp;rt_mb_create
<LI><a href="#[7b]">&gt;&gt;</a>&nbsp;&nbsp;&nbsp;rt_interrupt_leave
<LI><a href="#[78]">&gt;&gt;</a>&nbsp;&nbsp;&nbsp;rt_interrupt_enter
<LI><a href="#[102]">&gt;&gt;</a>&nbsp;&nbsp;&nbsp;rt_timer_start
<LI><a href="#[101]">&gt;&gt;</a>&nbsp;&nbsp;&nbsp;rt_timer_control
<LI><a href="#[f8]">&gt;&gt;</a>&nbsp;&nbsp;&nbsp;rt_thread_suspend
<LI><a href="#[f6]">&gt;&gt;</a>&nbsp;&nbsp;&nbsp;rt_thread_resume
<LI><a href="#[109]">&gt;&gt;</a>&nbsp;&nbsp;&nbsp;rt_object_init
<LI><a href="#[10c]">&gt;&gt;</a>&nbsp;&nbsp;&nbsp;rt_object_detach
<LI><a href="#[ff]">&gt;&gt;</a>&nbsp;&nbsp;&nbsp;rt_object_allocate
<LI><a href="#[105]">&gt;&gt;</a>&nbsp;&nbsp;&nbsp;rt_sem_take
<LI><a href="#[107]">&gt;&gt;</a>&nbsp;&nbsp;&nbsp;rt_sem_release
<LI><a href="#[104]">&gt;&gt;</a>&nbsp;&nbsp;&nbsp;rt_mb_send_wait
<LI><a href="#[100]">&gt;&gt;</a>&nbsp;&nbsp;&nbsp;rt_object_delete
<LI><a href="#[f4]">&gt;&gt;</a>&nbsp;&nbsp;&nbsp;rt_interrupt_get_nest
<LI><a href="#[11c]">&gt;&gt;</a>&nbsp;&nbsp;&nbsp;rt_thread_idle_excute
<LI><a href="#[77]">&gt;&gt;</a>&nbsp;&nbsp;&nbsp;rtthread_startup
<LI><a href="#[123]">&gt;&gt;</a>&nbsp;&nbsp;&nbsp;rt_timer_check
<LI><a href="#[e8]">&gt;&gt;</a>&nbsp;&nbsp;&nbsp;rt_schedule
<LI><a href="#[d4]">&gt;&gt;</a>&nbsp;&nbsp;&nbsp;list_get_next
<LI><a href="#[58]">&gt;&gt;</a>&nbsp;&nbsp;&nbsp;list_thread
<LI><a href="#[122]">&gt;&gt;</a>&nbsp;&nbsp;&nbsp;rt_timer_stop
<LI><a href="#[11a]">&gt;&gt;</a>&nbsp;&nbsp;&nbsp;rt_timer_detach
<LI><a href="#[120]">&gt;&gt;</a>&nbsp;&nbsp;&nbsp;rt_thread_sleep
<LI><a href="#[4b]">&gt;&gt;</a>&nbsp;&nbsp;&nbsp;rt_thread_exit
<LI><a href="#[9f]">&gt;&gt;</a>&nbsp;&nbsp;&nbsp;_thread_cleanup_execute
<LI><a href="#[10f]">&gt;&gt;</a>&nbsp;&nbsp;&nbsp;rt_schedule_remove_thread
<LI><a href="#[10e]">&gt;&gt;</a>&nbsp;&nbsp;&nbsp;rt_schedule_insert_thread
<LI><a href="#[94]">&gt;&gt;</a>&nbsp;&nbsp;&nbsp;_rt_scheduler_stack_check
<LI><a href="#[e7]">&gt;&gt;</a>&nbsp;&nbsp;&nbsp;rt_exit_critical
<LI><a href="#[e6]">&gt;&gt;</a>&nbsp;&nbsp;&nbsp;rt_enter_critical
<LI><a href="#[60]">&gt;&gt;</a>&nbsp;&nbsp;&nbsp;list_timer
<LI><a href="#[59]">&gt;&gt;</a>&nbsp;&nbsp;&nbsp;list_sem
<LI><a href="#[5b]">&gt;&gt;</a>&nbsp;&nbsp;&nbsp;list_mutex
<LI><a href="#[5d]">&gt;&gt;</a>&nbsp;&nbsp;&nbsp;list_msgqueue
<LI><a href="#[5f]">&gt;&gt;</a>&nbsp;&nbsp;&nbsp;list_mempool
<LI><a href="#[5e]">&gt;&gt;</a>&nbsp;&nbsp;&nbsp;list_memheap
<LI><a href="#[5c]">&gt;&gt;</a>&nbsp;&nbsp;&nbsp;list_mailbox
<LI><a href="#[5a]">&gt;&gt;</a>&nbsp;&nbsp;&nbsp;list_event
</UL>

<P><STRONG><a name="[a0]"></a>rt_hw_interrupt_enable</STRONG> (Thumb, 6 bytes, Stack size 0 bytes, context_rvds.o(.text))
<BR><BR>[Called By]<UL><LI><a href="#[f0]">&gt;&gt;</a>&nbsp;&nbsp;&nbsp;rt_mb_recv
<LI><a href="#[ef]">&gt;&gt;</a>&nbsp;&nbsp;&nbsp;rt_mb_create
<LI><a href="#[7b]">&gt;&gt;</a>&nbsp;&nbsp;&nbsp;rt_interrupt_leave
<LI><a href="#[78]">&gt;&gt;</a>&nbsp;&nbsp;&nbsp;rt_interrupt_enter
<LI><a href="#[102]">&gt;&gt;</a>&nbsp;&nbsp;&nbsp;rt_timer_start
<LI><a href="#[101]">&gt;&gt;</a>&nbsp;&nbsp;&nbsp;rt_timer_control
<LI><a href="#[f8]">&gt;&gt;</a>&nbsp;&nbsp;&nbsp;rt_thread_suspend
<LI><a href="#[f6]">&gt;&gt;</a>&nbsp;&nbsp;&nbsp;rt_thread_resume
<LI><a href="#[109]">&gt;&gt;</a>&nbsp;&nbsp;&nbsp;rt_object_init
<LI><a href="#[10c]">&gt;&gt;</a>&nbsp;&nbsp;&nbsp;rt_object_detach
<LI><a href="#[ff]">&gt;&gt;</a>&nbsp;&nbsp;&nbsp;rt_object_allocate
<LI><a href="#[105]">&gt;&gt;</a>&nbsp;&nbsp;&nbsp;rt_sem_take
<LI><a href="#[107]">&gt;&gt;</a>&nbsp;&nbsp;&nbsp;rt_sem_release
<LI><a href="#[104]">&gt;&gt;</a>&nbsp;&nbsp;&nbsp;rt_mb_send_wait
<LI><a href="#[100]">&gt;&gt;</a>&nbsp;&nbsp;&nbsp;rt_object_delete
<LI><a href="#[f4]">&gt;&gt;</a>&nbsp;&nbsp;&nbsp;rt_interrupt_get_nest
<LI><a href="#[11c]">&gt;&gt;</a>&nbsp;&nbsp;&nbsp;rt_thread_idle_excute
<LI><a href="#[123]">&gt;&gt;</a>&nbsp;&nbsp;&nbsp;rt_timer_check
<LI><a href="#[e8]">&gt;&gt;</a>&nbsp;&nbsp;&nbsp;rt_schedule
<LI><a href="#[d4]">&gt;&gt;</a>&nbsp;&nbsp;&nbsp;list_get_next
<LI><a href="#[58]">&gt;&gt;</a>&nbsp;&nbsp;&nbsp;list_thread
<LI><a href="#[122]">&gt;&gt;</a>&nbsp;&nbsp;&nbsp;rt_timer_stop
<LI><a href="#[11a]">&gt;&gt;</a>&nbsp;&nbsp;&nbsp;rt_timer_detach
<LI><a href="#[120]">&gt;&gt;</a>&nbsp;&nbsp;&nbsp;rt_thread_sleep
<LI><a href="#[4b]">&gt;&gt;</a>&nbsp;&nbsp;&nbsp;rt_thread_exit
<LI><a href="#[9f]">&gt;&gt;</a>&nbsp;&nbsp;&nbsp;_thread_cleanup_execute
<LI><a href="#[10f]">&gt;&gt;</a>&nbsp;&nbsp;&nbsp;rt_schedule_remove_thread
<LI><a href="#[10e]">&gt;&gt;</a>&nbsp;&nbsp;&nbsp;rt_schedule_insert_thread
<LI><a href="#[e7]">&gt;&gt;</a>&nbsp;&nbsp;&nbsp;rt_exit_critical
<LI><a href="#[e6]">&gt;&gt;</a>&nbsp;&nbsp;&nbsp;rt_enter_critical
<LI><a href="#[60]">&gt;&gt;</a>&nbsp;&nbsp;&nbsp;list_timer
<LI><a href="#[59]">&gt;&gt;</a>&nbsp;&nbsp;&nbsp;list_sem
<LI><a href="#[5b]">&gt;&gt;</a>&nbsp;&nbsp;&nbsp;list_mutex
<LI><a href="#[5d]">&gt;&gt;</a>&nbsp;&nbsp;&nbsp;list_msgqueue
<LI><a href="#[5f]">&gt;&gt;</a>&nbsp;&nbsp;&nbsp;list_mempool
<LI><a href="#[5e]">&gt;&gt;</a>&nbsp;&nbsp;&nbsp;list_memheap
<LI><a href="#[5c]">&gt;&gt;</a>&nbsp;&nbsp;&nbsp;list_mailbox
<LI><a href="#[5a]">&gt;&gt;</a>&nbsp;&nbsp;&nbsp;list_event
</UL>

<P><STRONG><a name="[110]"></a>rt_hw_context_switch</STRONG> (Thumb, 32 bytes, Stack size 0 bytes, context_rvds.o(.text))
<BR><BR>[Called By]<UL><LI><a href="#[e8]">&gt;&gt;</a>&nbsp;&nbsp;&nbsp;rt_schedule
</UL>

<P><STRONG><a name="[111]"></a>rt_hw_context_switch_interrupt</STRONG> (Thumb, 0 bytes, Stack size 0 bytes, context_rvds.o(.text))
<BR><BR>[Called By]<UL><LI><a href="#[e8]">&gt;&gt;</a>&nbsp;&nbsp;&nbsp;rt_schedule
</UL>

<P><STRONG><a name="[8]"></a>PendSV_Handler</STRONG> (Thumb, 60 bytes, Stack size 0 bytes, context_rvds.o(.text))
<BR>[Address Reference Count : 1]<UL><LI> startup_mm32f327x_keil.o(RESET)
</UL>
<P><STRONG><a name="[118]"></a>rt_hw_context_switch_to</STRONG> (Thumb, 56 bytes, Stack size 0 bytes, context_rvds.o(.text))
<BR><BR>[Called By]<UL><LI><a href="#[117]">&gt;&gt;</a>&nbsp;&nbsp;&nbsp;rt_system_scheduler_start
</UL>

<P><STRONG><a name="[136]"></a>rt_hw_interrupt_thread_switch</STRONG> (Thumb, 2 bytes, Stack size 0 bytes, context_rvds.o(.text), UNUSED)

<P><STRONG><a name="[2]"></a>HardFault_Handler</STRONG> (Thumb, 52 bytes, Stack size 0 bytes, context_rvds.o(.text))
<BR><BR>[Stack]<UL><LI>Max Depth = 436<LI>Call Chain = HardFault_Handler &rArr; rt_hw_hard_fault_exception &rArr; list_thread &rArr; object_split &rArr; rt_kprintf &rArr; rt_vsnprintf &rArr; print_number
</UL>
<BR>[Calls]<UL><LI><a href="#[67]">&gt;&gt;</a>&nbsp;&nbsp;&nbsp;rt_hw_hard_fault_exception
</UL>
<BR>[Address Reference Count : 1]<UL><LI> startup_mm32f327x_keil.o(RESET)
</UL>
<P><STRONG><a name="[b2]"></a>__aeabi_memcpy</STRONG> (Thumb, 36 bytes, Stack size 0 bytes, memcpya.o(.text))
<BR><BR>[Called By]<UL><LI><a href="#[ce]">&gt;&gt;</a>&nbsp;&nbsp;&nbsp;zf_sprintf
<LI><a href="#[4d]">&gt;&gt;</a>&nbsp;&nbsp;&nbsp;finsh_thread_entry
<LI><a href="#[b7]">&gt;&gt;</a>&nbsp;&nbsp;&nbsp;shell_push_history
</UL>

<P><STRONG><a name="[d9]"></a>__aeabi_memcpy4</STRONG> (Thumb, 0 bytes, Stack size 0 bytes, memcpya.o(.text))
<BR><BR>[Called By]<UL><LI><a href="#[58]">&gt;&gt;</a>&nbsp;&nbsp;&nbsp;list_thread
</UL>

<P><STRONG><a name="[137]"></a>__aeabi_memcpy8</STRONG> (Thumb, 0 bytes, Stack size 0 bytes, memcpya.o(.text), UNUSED)

<P><STRONG><a name="[69]"></a>__aeabi_memset</STRONG> (Thumb, 14 bytes, Stack size 0 bytes, memseta.o(.text))
<BR><BR>[Called By]<UL><LI><a href="#[6a]">&gt;&gt;</a>&nbsp;&nbsp;&nbsp;_memset$wrapper
<LI><a href="#[68]">&gt;&gt;</a>&nbsp;&nbsp;&nbsp;__aeabi_memclr
</UL>

<P><STRONG><a name="[138]"></a>__aeabi_memset4</STRONG> (Thumb, 0 bytes, Stack size 0 bytes, memseta.o(.text), UNUSED)

<P><STRONG><a name="[139]"></a>__aeabi_memset8</STRONG> (Thumb, 0 bytes, Stack size 0 bytes, memseta.o(.text), UNUSED)

<P><STRONG><a name="[68]"></a>__aeabi_memclr</STRONG> (Thumb, 4 bytes, Stack size 0 bytes, memseta.o(.text))
<BR><BR>[Calls]<UL><LI><a href="#[69]">&gt;&gt;</a>&nbsp;&nbsp;&nbsp;__aeabi_memset
</UL>
<BR>[Called By]<UL><LI><a href="#[4d]">&gt;&gt;</a>&nbsp;&nbsp;&nbsp;finsh_thread_entry
<LI><a href="#[b7]">&gt;&gt;</a>&nbsp;&nbsp;&nbsp;shell_push_history
</UL>

<P><STRONG><a name="[92]"></a>__aeabi_memclr4</STRONG> (Thumb, 0 bytes, Stack size 0 bytes, memseta.o(.text))
<BR><BR>[Called By]<UL><LI><a href="#[8f]">&gt;&gt;</a>&nbsp;&nbsp;&nbsp;_msh_exec_cmd
</UL>

<P><STRONG><a name="[13a]"></a>__aeabi_memclr8</STRONG> (Thumb, 0 bytes, Stack size 0 bytes, memseta.o(.text), UNUSED)

<P><STRONG><a name="[6a]"></a>_memset$wrapper</STRONG> (Thumb, 18 bytes, Stack size 8 bytes, memseta.o(.text), UNUSED)
<BR><BR>[Calls]<UL><LI><a href="#[69]">&gt;&gt;</a>&nbsp;&nbsp;&nbsp;__aeabi_memset
</UL>

<P><STRONG><a name="[a9]"></a>strcat</STRONG> (Thumb, 24 bytes, Stack size 0 bytes, strcat.o(.text))
<BR><BR>[Called By]<UL><LI><a href="#[a5]">&gt;&gt;</a>&nbsp;&nbsp;&nbsp;finsh_get_prompt
</UL>

<P><STRONG><a name="[a6]"></a>strncpy</STRONG> (Thumb, 24 bytes, Stack size 8 bytes, strncpy.o(.text))
<BR><BR>[Stack]<UL><LI>Max Depth = 8<LI>Call Chain = strncpy
</UL>
<BR>[Called By]<UL><LI><a href="#[a5]">&gt;&gt;</a>&nbsp;&nbsp;&nbsp;finsh_get_prompt
</UL>

<P><STRONG><a name="[b3]"></a>strlen</STRONG> (Thumb, 14 bytes, Stack size 0 bytes, strlen.o(.text))
<BR><BR>[Called By]<UL><LI><a href="#[4d]">&gt;&gt;</a>&nbsp;&nbsp;&nbsp;finsh_thread_entry
<LI><a href="#[df]">&gt;&gt;</a>&nbsp;&nbsp;&nbsp;msh_auto_complete
</UL>

<P><STRONG><a name="[12a]"></a>memcmp</STRONG> (Thumb, 26 bytes, Stack size 12 bytes, memcmp.o(.text))
<BR><BR>[Stack]<UL><LI>Max Depth = 12<LI>Call Chain = memcmp
</UL>
<BR>[Called By]<UL><LI><a href="#[b7]">&gt;&gt;</a>&nbsp;&nbsp;&nbsp;shell_push_history
</UL>

<P><STRONG><a name="[a8]"></a>strcpy</STRONG> (Thumb, 18 bytes, Stack size 0 bytes, strcpy.o(.text))
<BR><BR>[Called By]<UL><LI><a href="#[a5]">&gt;&gt;</a>&nbsp;&nbsp;&nbsp;finsh_get_prompt
</UL>

<P><STRONG><a name="[d1]"></a>strncmp</STRONG> (Thumb, 30 bytes, Stack size 12 bytes, strncmp.o(.text))
<BR><BR>[Stack]<UL><LI>Max Depth = 12<LI>Call Chain = strncmp
</UL>
<BR>[Called By]<UL><LI><a href="#[61]">&gt;&gt;</a>&nbsp;&nbsp;&nbsp;list
<LI><a href="#[62]">&gt;&gt;</a>&nbsp;&nbsp;&nbsp;msh_help
<LI><a href="#[df]">&gt;&gt;</a>&nbsp;&nbsp;&nbsp;msh_auto_complete
<LI><a href="#[91]">&gt;&gt;</a>&nbsp;&nbsp;&nbsp;msh_get_cmd
</UL>

<P><STRONG><a name="[6b]"></a>__aeabi_dadd</STRONG> (Thumb, 322 bytes, Stack size 48 bytes, dadd.o(.text))
<BR><BR>[Stack]<UL><LI>Max Depth = 88<LI>Call Chain = __aeabi_dadd &rArr; _double_epilogue &rArr; _double_round
</UL>
<BR>[Calls]<UL><LI><a href="#[6d]">&gt;&gt;</a>&nbsp;&nbsp;&nbsp;__aeabi_lasr
<LI><a href="#[6c]">&gt;&gt;</a>&nbsp;&nbsp;&nbsp;__aeabi_llsl
<LI><a href="#[6f]">&gt;&gt;</a>&nbsp;&nbsp;&nbsp;_double_round
<LI><a href="#[6e]">&gt;&gt;</a>&nbsp;&nbsp;&nbsp;_double_epilogue
</UL>
<BR>[Called By]<UL><LI><a href="#[71]">&gt;&gt;</a>&nbsp;&nbsp;&nbsp;__aeabi_drsub
<LI><a href="#[70]">&gt;&gt;</a>&nbsp;&nbsp;&nbsp;__aeabi_dsub
</UL>

<P><STRONG><a name="[70]"></a>__aeabi_dsub</STRONG> (Thumb, 6 bytes, Stack size 0 bytes, dadd.o(.text), UNUSED)
<BR><BR>[Calls]<UL><LI><a href="#[6b]">&gt;&gt;</a>&nbsp;&nbsp;&nbsp;__aeabi_dadd
</UL>

<P><STRONG><a name="[71]"></a>__aeabi_drsub</STRONG> (Thumb, 6 bytes, Stack size 0 bytes, dadd.o(.text))
<BR><BR>[Stack]<UL><LI>Max Depth = 88<LI>Call Chain = __aeabi_drsub &rArr; __aeabi_dadd &rArr; _double_epilogue &rArr; _double_round
</UL>
<BR>[Calls]<UL><LI><a href="#[6b]">&gt;&gt;</a>&nbsp;&nbsp;&nbsp;__aeabi_dadd
</UL>
<BR>[Called By]<UL><LI><a href="#[ce]">&gt;&gt;</a>&nbsp;&nbsp;&nbsp;zf_sprintf
</UL>

<P><STRONG><a name="[72]"></a>__aeabi_dmul</STRONG> (Thumb, 228 bytes, Stack size 48 bytes, dmul.o(.text))
<BR><BR>[Stack]<UL><LI>Max Depth = 88<LI>Call Chain = __aeabi_dmul &rArr; _double_epilogue &rArr; _double_round
</UL>
<BR>[Calls]<UL><LI><a href="#[6e]">&gt;&gt;</a>&nbsp;&nbsp;&nbsp;_double_epilogue
</UL>
<BR>[Called By]<UL><LI><a href="#[ce]">&gt;&gt;</a>&nbsp;&nbsp;&nbsp;zf_sprintf
</UL>

<P><STRONG><a name="[73]"></a>__aeabi_i2d</STRONG> (Thumb, 34 bytes, Stack size 16 bytes, dflti.o(.text))
<BR><BR>[Stack]<UL><LI>Max Depth = 56<LI>Call Chain = __aeabi_i2d &rArr; _double_epilogue &rArr; _double_round
</UL>
<BR>[Calls]<UL><LI><a href="#[6e]">&gt;&gt;</a>&nbsp;&nbsp;&nbsp;_double_epilogue
</UL>
<BR>[Called By]<UL><LI><a href="#[ce]">&gt;&gt;</a>&nbsp;&nbsp;&nbsp;zf_sprintf
</UL>

<P><STRONG><a name="[74]"></a>__aeabi_d2iz</STRONG> (Thumb, 62 bytes, Stack size 16 bytes, dfixi.o(.text))
<BR><BR>[Stack]<UL><LI>Max Depth = 16<LI>Call Chain = __aeabi_d2iz
</UL>
<BR>[Calls]<UL><LI><a href="#[75]">&gt;&gt;</a>&nbsp;&nbsp;&nbsp;__aeabi_llsr
</UL>
<BR>[Called By]<UL><LI><a href="#[ce]">&gt;&gt;</a>&nbsp;&nbsp;&nbsp;zf_sprintf
</UL>

<P><STRONG><a name="[12f]"></a>__aeabi_cdcmpeq</STRONG> (Thumb, 0 bytes, Stack size 0 bytes, cdcmple.o(.text))
<BR><BR>[Called By]<UL><LI><a href="#[ce]">&gt;&gt;</a>&nbsp;&nbsp;&nbsp;zf_sprintf
</UL>

<P><STRONG><a name="[12e]"></a>__aeabi_cdcmple</STRONG> (Thumb, 48 bytes, Stack size 0 bytes, cdcmple.o(.text))
<BR><BR>[Called By]<UL><LI><a href="#[ce]">&gt;&gt;</a>&nbsp;&nbsp;&nbsp;zf_sprintf
</UL>

<P><STRONG><a name="[cd]"></a>__aeabi_cdrcmple</STRONG> (Thumb, 48 bytes, Stack size 0 bytes, cdrcmple.o(.text))
<BR><BR>[Called By]<UL><LI><a href="#[cc]">&gt;&gt;</a>&nbsp;&nbsp;&nbsp;ips200_showfloat
</UL>

<P><STRONG><a name="[6c]"></a>__aeabi_llsl</STRONG> (Thumb, 30 bytes, Stack size 0 bytes, llshl.o(.text))
<BR><BR>[Called By]<UL><LI><a href="#[6e]">&gt;&gt;</a>&nbsp;&nbsp;&nbsp;_double_epilogue
<LI><a href="#[6b]">&gt;&gt;</a>&nbsp;&nbsp;&nbsp;__aeabi_dadd
</UL>

<P><STRONG><a name="[13b]"></a>_ll_shift_l</STRONG> (Thumb, 0 bytes, Stack size 0 bytes, llshl.o(.text), UNUSED)

<P><STRONG><a name="[75]"></a>__aeabi_llsr</STRONG> (Thumb, 32 bytes, Stack size 0 bytes, llushr.o(.text))
<BR><BR>[Called By]<UL><LI><a href="#[74]">&gt;&gt;</a>&nbsp;&nbsp;&nbsp;__aeabi_d2iz
<LI><a href="#[6e]">&gt;&gt;</a>&nbsp;&nbsp;&nbsp;_double_epilogue
</UL>

<P><STRONG><a name="[13c]"></a>_ll_ushift_r</STRONG> (Thumb, 0 bytes, Stack size 0 bytes, llushr.o(.text), UNUSED)

<P><STRONG><a name="[6d]"></a>__aeabi_lasr</STRONG> (Thumb, 36 bytes, Stack size 0 bytes, llsshr.o(.text))
<BR><BR>[Called By]<UL><LI><a href="#[6b]">&gt;&gt;</a>&nbsp;&nbsp;&nbsp;__aeabi_dadd
</UL>

<P><STRONG><a name="[13d]"></a>_ll_sshift_r</STRONG> (Thumb, 0 bytes, Stack size 0 bytes, llsshr.o(.text), UNUSED)

<P><STRONG><a name="[13e]"></a>__I$use$fp</STRONG> (Thumb, 0 bytes, Stack size 8 bytes, iusefp.o(.text), UNUSED)

<P><STRONG><a name="[6f]"></a>_double_round</STRONG> (Thumb, 30 bytes, Stack size 8 bytes, depilogue.o(.text))
<BR><BR>[Stack]<UL><LI>Max Depth = 8<LI>Call Chain = _double_round
</UL>
<BR>[Called By]<UL><LI><a href="#[6e]">&gt;&gt;</a>&nbsp;&nbsp;&nbsp;_double_epilogue
<LI><a href="#[6b]">&gt;&gt;</a>&nbsp;&nbsp;&nbsp;__aeabi_dadd
</UL>

<P><STRONG><a name="[6e]"></a>_double_epilogue</STRONG> (Thumb, 156 bytes, Stack size 32 bytes, depilogue.o(.text))
<BR><BR>[Stack]<UL><LI>Max Depth = 40<LI>Call Chain = _double_epilogue &rArr; _double_round
</UL>
<BR>[Calls]<UL><LI><a href="#[75]">&gt;&gt;</a>&nbsp;&nbsp;&nbsp;__aeabi_llsr
<LI><a href="#[6c]">&gt;&gt;</a>&nbsp;&nbsp;&nbsp;__aeabi_llsl
<LI><a href="#[6f]">&gt;&gt;</a>&nbsp;&nbsp;&nbsp;_double_round
</UL>
<BR>[Called By]<UL><LI><a href="#[73]">&gt;&gt;</a>&nbsp;&nbsp;&nbsp;__aeabi_i2d
<LI><a href="#[72]">&gt;&gt;</a>&nbsp;&nbsp;&nbsp;__aeabi_dmul
<LI><a href="#[6b]">&gt;&gt;</a>&nbsp;&nbsp;&nbsp;__aeabi_dadd
</UL>

<P><STRONG><a name="[66]"></a>__scatterload</STRONG> (Thumb, 28 bytes, Stack size 0 bytes, init.o(.text))
<BR><BR>[Calls]<UL><LI><a href="#[76]">&gt;&gt;</a>&nbsp;&nbsp;&nbsp;__main_after_scatterload
</UL>
<BR>[Called By]<UL><LI><a href="#[65]">&gt;&gt;</a>&nbsp;&nbsp;&nbsp;_main_scatterload
</UL>

<P><STRONG><a name="[13f]"></a>__scatterload_rt2</STRONG> (Thumb, 0 bytes, Stack size 0 bytes, init.o(.text), UNUSED)

<P><STRONG><a name="[140]"></a>__decompress</STRONG> (Thumb, 0 bytes, Stack size unknown bytes, __dczerorl2.o(.text), UNUSED)

<P><STRONG><a name="[141]"></a>__decompress1</STRONG> (Thumb, 86 bytes, Stack size unknown bytes, __dczerorl2.o(.text), UNUSED)

<P><STRONG><a name="[48]"></a>main</STRONG> (Thumb, 10 bytes, Stack size 8 bytes, components.o(i.$Sub$$main))
<BR><BR>[Stack]<UL><LI>Max Depth = 476<LI>Call Chain = main &rArr; rtthread_startup &rArr; rt_application_init &rArr; rt_thread_create &rArr; rt_object_allocate &rArr; rt_malloc &rArr; rt_memheap_alloc &rArr; rt_sem_take &rArr; rt_ipc_list_suspend &rArr; rt_thread_suspend &rArr; rt_timer_stop &rArr; rt_object_get_type &rArr; rt_assert_handler &rArr; rt_kprintf &rArr; rt_vsnprintf &rArr; print_number
</UL>
<BR>[Calls]<UL><LI><a href="#[77]">&gt;&gt;</a>&nbsp;&nbsp;&nbsp;rtthread_startup
</UL>
<BR>[Address Reference Count : 1]<UL><LI> entry9a.o(.ARM.Collect$$$$0000000B)
</UL>
<P><STRONG><a name="[87]"></a>AutoCalPllFactor</STRONG> (Thumb, 102 bytes, Stack size 28 bytes, system_mm32f327x.o(i.AutoCalPllFactor))
<BR><BR>[Stack]<UL><LI>Max Depth = 28<LI>Call Chain = AutoCalPllFactor
</UL>
<BR>[Called By]<UL><LI><a href="#[85]">&gt;&gt;</a>&nbsp;&nbsp;&nbsp;SetSysClockToXX
</UL>

<P><STRONG><a name="[4]"></a>BusFault_Handler</STRONG> (Thumb, 4 bytes, Stack size 0 bytes, common.o(i.BusFault_Handler))
<BR>[Address Reference Count : 1]<UL><LI> startup_mm32f327x_keil.o(RESET)
</UL>
<P><STRONG><a name="[15]"></a>DMA1_Channel1_IRQHandler</STRONG> (Thumb, 28 bytes, Stack size 8 bytes, isr.o(i.DMA1_Channel1_IRQHandler))
<BR><BR>[Stack]<UL><LI>Max Depth = 16<LI>Call Chain = DMA1_Channel1_IRQHandler &rArr; rt_interrupt_leave
</UL>
<BR>[Calls]<UL><LI><a href="#[7b]">&gt;&gt;</a>&nbsp;&nbsp;&nbsp;rt_interrupt_leave
<LI><a href="#[78]">&gt;&gt;</a>&nbsp;&nbsp;&nbsp;rt_interrupt_enter
<LI><a href="#[79]">&gt;&gt;</a>&nbsp;&nbsp;&nbsp;DMA_GetFlagStatus
<LI><a href="#[7a]">&gt;&gt;</a>&nbsp;&nbsp;&nbsp;DMA_ClearFlag
</UL>
<BR>[Address Reference Count : 1]<UL><LI> startup_mm32f327x_keil.o(RESET)
</UL>
<P><STRONG><a name="[17]"></a>DMA1_Channel3_IRQHandler</STRONG> (Thumb, 30 bytes, Stack size 8 bytes, isr.o(i.DMA1_Channel3_IRQHandler))
<BR><BR>[Stack]<UL><LI>Max Depth = 16<LI>Call Chain = DMA1_Channel3_IRQHandler &rArr; rt_interrupt_leave
</UL>
<BR>[Calls]<UL><LI><a href="#[7b]">&gt;&gt;</a>&nbsp;&nbsp;&nbsp;rt_interrupt_leave
<LI><a href="#[78]">&gt;&gt;</a>&nbsp;&nbsp;&nbsp;rt_interrupt_enter
<LI><a href="#[79]">&gt;&gt;</a>&nbsp;&nbsp;&nbsp;DMA_GetFlagStatus
<LI><a href="#[7a]">&gt;&gt;</a>&nbsp;&nbsp;&nbsp;DMA_ClearFlag
</UL>
<BR>[Address Reference Count : 1]<UL><LI> startup_mm32f327x_keil.o(RESET)
</UL>
<P><STRONG><a name="[18]"></a>DMA1_Channel4_IRQHandler</STRONG> (Thumb, 70 bytes, Stack size 8 bytes, isr.o(i.DMA1_Channel4_IRQHandler))
<BR><BR>[Stack]<UL><LI>Max Depth = 16<LI>Call Chain = DMA1_Channel4_IRQHandler &rArr; rt_interrupt_leave
</UL>
<BR>[Calls]<UL><LI><a href="#[7b]">&gt;&gt;</a>&nbsp;&nbsp;&nbsp;rt_interrupt_leave
<LI><a href="#[78]">&gt;&gt;</a>&nbsp;&nbsp;&nbsp;rt_interrupt_enter
<LI><a href="#[7d]">&gt;&gt;</a>&nbsp;&nbsp;&nbsp;ov7725_uart_dma
<LI><a href="#[7c]">&gt;&gt;</a>&nbsp;&nbsp;&nbsp;ov7725_dma
<LI><a href="#[7e]">&gt;&gt;</a>&nbsp;&nbsp;&nbsp;mt9v03x_dma
<LI><a href="#[79]">&gt;&gt;</a>&nbsp;&nbsp;&nbsp;DMA_GetFlagStatus
<LI><a href="#[7a]">&gt;&gt;</a>&nbsp;&nbsp;&nbsp;DMA_ClearFlag
</UL>
<BR>[Address Reference Count : 1]<UL><LI> startup_mm32f327x_keil.o(RESET)
</UL>
<P><STRONG><a name="[19]"></a>DMA1_Channel5_IRQHandler</STRONG> (Thumb, 30 bytes, Stack size 8 bytes, isr.o(i.DMA1_Channel5_IRQHandler))
<BR><BR>[Stack]<UL><LI>Max Depth = 16<LI>Call Chain = DMA1_Channel5_IRQHandler &rArr; rt_interrupt_leave
</UL>
<BR>[Calls]<UL><LI><a href="#[7b]">&gt;&gt;</a>&nbsp;&nbsp;&nbsp;rt_interrupt_leave
<LI><a href="#[78]">&gt;&gt;</a>&nbsp;&nbsp;&nbsp;rt_interrupt_enter
<LI><a href="#[79]">&gt;&gt;</a>&nbsp;&nbsp;&nbsp;DMA_GetFlagStatus
<LI><a href="#[7a]">&gt;&gt;</a>&nbsp;&nbsp;&nbsp;DMA_ClearFlag
</UL>
<BR>[Address Reference Count : 1]<UL><LI> startup_mm32f327x_keil.o(RESET)
</UL>
<P><STRONG><a name="[1a]"></a>DMA1_Channel6_IRQHandler</STRONG> (Thumb, 30 bytes, Stack size 8 bytes, isr.o(i.DMA1_Channel6_IRQHandler))
<BR><BR>[Stack]<UL><LI>Max Depth = 16<LI>Call Chain = DMA1_Channel6_IRQHandler &rArr; rt_interrupt_leave
</UL>
<BR>[Calls]<UL><LI><a href="#[7b]">&gt;&gt;</a>&nbsp;&nbsp;&nbsp;rt_interrupt_leave
<LI><a href="#[78]">&gt;&gt;</a>&nbsp;&nbsp;&nbsp;rt_interrupt_enter
<LI><a href="#[79]">&gt;&gt;</a>&nbsp;&nbsp;&nbsp;DMA_GetFlagStatus
<LI><a href="#[7a]">&gt;&gt;</a>&nbsp;&nbsp;&nbsp;DMA_ClearFlag
</UL>
<BR>[Address Reference Count : 1]<UL><LI> startup_mm32f327x_keil.o(RESET)
</UL>
<P><STRONG><a name="[1b]"></a>DMA1_Channel7_IRQHandler</STRONG> (Thumb, 30 bytes, Stack size 8 bytes, isr.o(i.DMA1_Channel7_IRQHandler))
<BR><BR>[Stack]<UL><LI>Max Depth = 16<LI>Call Chain = DMA1_Channel7_IRQHandler &rArr; rt_interrupt_leave
</UL>
<BR>[Calls]<UL><LI><a href="#[7b]">&gt;&gt;</a>&nbsp;&nbsp;&nbsp;rt_interrupt_leave
<LI><a href="#[78]">&gt;&gt;</a>&nbsp;&nbsp;&nbsp;rt_interrupt_enter
<LI><a href="#[79]">&gt;&gt;</a>&nbsp;&nbsp;&nbsp;DMA_GetFlagStatus
<LI><a href="#[7a]">&gt;&gt;</a>&nbsp;&nbsp;&nbsp;DMA_ClearFlag
</UL>
<BR>[Address Reference Count : 1]<UL><LI> startup_mm32f327x_keil.o(RESET)
</UL>
<P><STRONG><a name="[3d]"></a>DMA2_Channel1_IRQHandler</STRONG> (Thumb, 28 bytes, Stack size 8 bytes, isr.o(i.DMA2_Channel1_IRQHandler))
<BR><BR>[Stack]<UL><LI>Max Depth = 16<LI>Call Chain = DMA2_Channel1_IRQHandler &rArr; rt_interrupt_leave
</UL>
<BR>[Calls]<UL><LI><a href="#[7b]">&gt;&gt;</a>&nbsp;&nbsp;&nbsp;rt_interrupt_leave
<LI><a href="#[78]">&gt;&gt;</a>&nbsp;&nbsp;&nbsp;rt_interrupt_enter
<LI><a href="#[79]">&gt;&gt;</a>&nbsp;&nbsp;&nbsp;DMA_GetFlagStatus
<LI><a href="#[7a]">&gt;&gt;</a>&nbsp;&nbsp;&nbsp;DMA_ClearFlag
</UL>
<BR>[Address Reference Count : 1]<UL><LI> startup_mm32f327x_keil.o(RESET)
</UL>
<P><STRONG><a name="[3f]"></a>DMA2_Channel3_IRQHandler</STRONG> (Thumb, 30 bytes, Stack size 8 bytes, isr.o(i.DMA2_Channel3_IRQHandler))
<BR><BR>[Stack]<UL><LI>Max Depth = 16<LI>Call Chain = DMA2_Channel3_IRQHandler &rArr; rt_interrupt_leave
</UL>
<BR>[Calls]<UL><LI><a href="#[7b]">&gt;&gt;</a>&nbsp;&nbsp;&nbsp;rt_interrupt_leave
<LI><a href="#[78]">&gt;&gt;</a>&nbsp;&nbsp;&nbsp;rt_interrupt_enter
<LI><a href="#[79]">&gt;&gt;</a>&nbsp;&nbsp;&nbsp;DMA_GetFlagStatus
<LI><a href="#[7a]">&gt;&gt;</a>&nbsp;&nbsp;&nbsp;DMA_ClearFlag
</UL>
<BR>[Address Reference Count : 1]<UL><LI> startup_mm32f327x_keil.o(RESET)
</UL>
<P><STRONG><a name="[40]"></a>DMA2_Channel4_IRQHandler</STRONG> (Thumb, 30 bytes, Stack size 8 bytes, isr.o(i.DMA2_Channel4_IRQHandler))
<BR><BR>[Stack]<UL><LI>Max Depth = 16<LI>Call Chain = DMA2_Channel4_IRQHandler &rArr; rt_interrupt_leave
</UL>
<BR>[Calls]<UL><LI><a href="#[7b]">&gt;&gt;</a>&nbsp;&nbsp;&nbsp;rt_interrupt_leave
<LI><a href="#[78]">&gt;&gt;</a>&nbsp;&nbsp;&nbsp;rt_interrupt_enter
<LI><a href="#[79]">&gt;&gt;</a>&nbsp;&nbsp;&nbsp;DMA_GetFlagStatus
<LI><a href="#[7a]">&gt;&gt;</a>&nbsp;&nbsp;&nbsp;DMA_ClearFlag
</UL>
<BR>[Address Reference Count : 1]<UL><LI> startup_mm32f327x_keil.o(RESET)
</UL>
<P><STRONG><a name="[41]"></a>DMA2_Channel5_IRQHandler</STRONG> (Thumb, 30 bytes, Stack size 8 bytes, isr.o(i.DMA2_Channel5_IRQHandler))
<BR><BR>[Stack]<UL><LI>Max Depth = 16<LI>Call Chain = DMA2_Channel5_IRQHandler &rArr; rt_interrupt_leave
</UL>
<BR>[Calls]<UL><LI><a href="#[7b]">&gt;&gt;</a>&nbsp;&nbsp;&nbsp;rt_interrupt_leave
<LI><a href="#[78]">&gt;&gt;</a>&nbsp;&nbsp;&nbsp;rt_interrupt_enter
<LI><a href="#[79]">&gt;&gt;</a>&nbsp;&nbsp;&nbsp;DMA_GetFlagStatus
<LI><a href="#[7a]">&gt;&gt;</a>&nbsp;&nbsp;&nbsp;DMA_ClearFlag
</UL>
<BR>[Address Reference Count : 1]<UL><LI> startup_mm32f327x_keil.o(RESET)
</UL>
<P><STRONG><a name="[7a]"></a>DMA_ClearFlag</STRONG> (Thumb, 20 bytes, Stack size 0 bytes, hal_dma.o(i.DMA_ClearFlag))
<BR><BR>[Called By]<UL><LI><a href="#[41]">&gt;&gt;</a>&nbsp;&nbsp;&nbsp;DMA2_Channel5_IRQHandler
<LI><a href="#[40]">&gt;&gt;</a>&nbsp;&nbsp;&nbsp;DMA2_Channel4_IRQHandler
<LI><a href="#[3f]">&gt;&gt;</a>&nbsp;&nbsp;&nbsp;DMA2_Channel3_IRQHandler
<LI><a href="#[3d]">&gt;&gt;</a>&nbsp;&nbsp;&nbsp;DMA2_Channel1_IRQHandler
<LI><a href="#[1b]">&gt;&gt;</a>&nbsp;&nbsp;&nbsp;DMA1_Channel7_IRQHandler
<LI><a href="#[1a]">&gt;&gt;</a>&nbsp;&nbsp;&nbsp;DMA1_Channel6_IRQHandler
<LI><a href="#[19]">&gt;&gt;</a>&nbsp;&nbsp;&nbsp;DMA1_Channel5_IRQHandler
<LI><a href="#[18]">&gt;&gt;</a>&nbsp;&nbsp;&nbsp;DMA1_Channel4_IRQHandler
<LI><a href="#[17]">&gt;&gt;</a>&nbsp;&nbsp;&nbsp;DMA1_Channel3_IRQHandler
<LI><a href="#[15]">&gt;&gt;</a>&nbsp;&nbsp;&nbsp;DMA1_Channel1_IRQHandler
</UL>

<P><STRONG><a name="[79]"></a>DMA_GetFlagStatus</STRONG> (Thumb, 40 bytes, Stack size 0 bytes, hal_dma.o(i.DMA_GetFlagStatus))
<BR><BR>[Called By]<UL><LI><a href="#[41]">&gt;&gt;</a>&nbsp;&nbsp;&nbsp;DMA2_Channel5_IRQHandler
<LI><a href="#[40]">&gt;&gt;</a>&nbsp;&nbsp;&nbsp;DMA2_Channel4_IRQHandler
<LI><a href="#[3f]">&gt;&gt;</a>&nbsp;&nbsp;&nbsp;DMA2_Channel3_IRQHandler
<LI><a href="#[3d]">&gt;&gt;</a>&nbsp;&nbsp;&nbsp;DMA2_Channel1_IRQHandler
<LI><a href="#[1b]">&gt;&gt;</a>&nbsp;&nbsp;&nbsp;DMA1_Channel7_IRQHandler
<LI><a href="#[1a]">&gt;&gt;</a>&nbsp;&nbsp;&nbsp;DMA1_Channel6_IRQHandler
<LI><a href="#[19]">&gt;&gt;</a>&nbsp;&nbsp;&nbsp;DMA1_Channel5_IRQHandler
<LI><a href="#[18]">&gt;&gt;</a>&nbsp;&nbsp;&nbsp;DMA1_Channel4_IRQHandler
<LI><a href="#[17]">&gt;&gt;</a>&nbsp;&nbsp;&nbsp;DMA1_Channel3_IRQHandler
<LI><a href="#[15]">&gt;&gt;</a>&nbsp;&nbsp;&nbsp;DMA1_Channel1_IRQHandler
</UL>

<P><STRONG><a name="[7]"></a>DebugMon_Handler</STRONG> (Thumb, 4 bytes, Stack size 0 bytes, common.o(i.DebugMon_Handler))
<BR>[Address Reference Count : 1]<UL><LI> startup_mm32f327x_keil.o(RESET)
</UL>
<P><STRONG><a name="[10]"></a>EXTI0_IRQHandler</STRONG> (Thumb, 18 bytes, Stack size 8 bytes, isr.o(i.EXTI0_IRQHandler))
<BR><BR>[Stack]<UL><LI>Max Depth = 16<LI>Call Chain = EXTI0_IRQHandler &rArr; rt_interrupt_leave
</UL>
<BR>[Calls]<UL><LI><a href="#[7b]">&gt;&gt;</a>&nbsp;&nbsp;&nbsp;rt_interrupt_leave
<LI><a href="#[78]">&gt;&gt;</a>&nbsp;&nbsp;&nbsp;rt_interrupt_enter
<LI><a href="#[7f]">&gt;&gt;</a>&nbsp;&nbsp;&nbsp;EXTI_ClearFlag
</UL>
<BR>[Address Reference Count : 1]<UL><LI> startup_mm32f327x_keil.o(RESET)
</UL>
<P><STRONG><a name="[2e]"></a>EXTI15_10_IRQHandler</STRONG> (Thumb, 120 bytes, Stack size 8 bytes, isr.o(i.EXTI15_10_IRQHandler))
<BR><BR>[Stack]<UL><LI>Max Depth = 16<LI>Call Chain = EXTI15_10_IRQHandler &rArr; rt_interrupt_leave
</UL>
<BR>[Calls]<UL><LI><a href="#[7b]">&gt;&gt;</a>&nbsp;&nbsp;&nbsp;rt_interrupt_leave
<LI><a href="#[78]">&gt;&gt;</a>&nbsp;&nbsp;&nbsp;rt_interrupt_enter
<LI><a href="#[80]">&gt;&gt;</a>&nbsp;&nbsp;&nbsp;EXTI_GetITStatus
<LI><a href="#[7f]">&gt;&gt;</a>&nbsp;&nbsp;&nbsp;EXTI_ClearFlag
</UL>
<BR>[Address Reference Count : 1]<UL><LI> startup_mm32f327x_keil.o(RESET)
</UL>
<P><STRONG><a name="[11]"></a>EXTI1_IRQHandler</STRONG> (Thumb, 18 bytes, Stack size 8 bytes, isr.o(i.EXTI1_IRQHandler))
<BR><BR>[Stack]<UL><LI>Max Depth = 16<LI>Call Chain = EXTI1_IRQHandler &rArr; rt_interrupt_leave
</UL>
<BR>[Calls]<UL><LI><a href="#[7b]">&gt;&gt;</a>&nbsp;&nbsp;&nbsp;rt_interrupt_leave
<LI><a href="#[78]">&gt;&gt;</a>&nbsp;&nbsp;&nbsp;rt_interrupt_enter
<LI><a href="#[7f]">&gt;&gt;</a>&nbsp;&nbsp;&nbsp;EXTI_ClearFlag
</UL>
<BR>[Address Reference Count : 1]<UL><LI> startup_mm32f327x_keil.o(RESET)
</UL>
<P><STRONG><a name="[12]"></a>EXTI2_IRQHandler</STRONG> (Thumb, 18 bytes, Stack size 8 bytes, isr.o(i.EXTI2_IRQHandler))
<BR><BR>[Stack]<UL><LI>Max Depth = 16<LI>Call Chain = EXTI2_IRQHandler &rArr; rt_interrupt_leave
</UL>
<BR>[Calls]<UL><LI><a href="#[7b]">&gt;&gt;</a>&nbsp;&nbsp;&nbsp;rt_interrupt_leave
<LI><a href="#[78]">&gt;&gt;</a>&nbsp;&nbsp;&nbsp;rt_interrupt_enter
<LI><a href="#[7f]">&gt;&gt;</a>&nbsp;&nbsp;&nbsp;EXTI_ClearFlag
</UL>
<BR>[Address Reference Count : 1]<UL><LI> startup_mm32f327x_keil.o(RESET)
</UL>
<P><STRONG><a name="[13]"></a>EXTI3_IRQHandler</STRONG> (Thumb, 18 bytes, Stack size 8 bytes, isr.o(i.EXTI3_IRQHandler))
<BR><BR>[Stack]<UL><LI>Max Depth = 16<LI>Call Chain = EXTI3_IRQHandler &rArr; rt_interrupt_leave
</UL>
<BR>[Calls]<UL><LI><a href="#[7b]">&gt;&gt;</a>&nbsp;&nbsp;&nbsp;rt_interrupt_leave
<LI><a href="#[78]">&gt;&gt;</a>&nbsp;&nbsp;&nbsp;rt_interrupt_enter
<LI><a href="#[7f]">&gt;&gt;</a>&nbsp;&nbsp;&nbsp;EXTI_ClearFlag
</UL>
<BR>[Address Reference Count : 1]<UL><LI> startup_mm32f327x_keil.o(RESET)
</UL>
<P><STRONG><a name="[14]"></a>EXTI4_IRQHandler</STRONG> (Thumb, 18 bytes, Stack size 8 bytes, isr.o(i.EXTI4_IRQHandler))
<BR><BR>[Stack]<UL><LI>Max Depth = 16<LI>Call Chain = EXTI4_IRQHandler &rArr; rt_interrupt_leave
</UL>
<BR>[Calls]<UL><LI><a href="#[7b]">&gt;&gt;</a>&nbsp;&nbsp;&nbsp;rt_interrupt_leave
<LI><a href="#[78]">&gt;&gt;</a>&nbsp;&nbsp;&nbsp;rt_interrupt_enter
<LI><a href="#[7f]">&gt;&gt;</a>&nbsp;&nbsp;&nbsp;EXTI_ClearFlag
</UL>
<BR>[Address Reference Count : 1]<UL><LI> startup_mm32f327x_keil.o(RESET)
</UL>
<P><STRONG><a name="[1f]"></a>EXTI9_5_IRQHandler</STRONG> (Thumb, 130 bytes, Stack size 8 bytes, isr.o(i.EXTI9_5_IRQHandler))
<BR><BR>[Stack]<UL><LI>Max Depth = 16<LI>Call Chain = EXTI9_5_IRQHandler &rArr; rt_interrupt_leave
</UL>
<BR>[Calls]<UL><LI><a href="#[7b]">&gt;&gt;</a>&nbsp;&nbsp;&nbsp;rt_interrupt_leave
<LI><a href="#[78]">&gt;&gt;</a>&nbsp;&nbsp;&nbsp;rt_interrupt_enter
<LI><a href="#[81]">&gt;&gt;</a>&nbsp;&nbsp;&nbsp;ov7725_vsync
<LI><a href="#[82]">&gt;&gt;</a>&nbsp;&nbsp;&nbsp;ov7725_uart_vsync
<LI><a href="#[83]">&gt;&gt;</a>&nbsp;&nbsp;&nbsp;mt9v03x_vsync
<LI><a href="#[80]">&gt;&gt;</a>&nbsp;&nbsp;&nbsp;EXTI_GetITStatus
<LI><a href="#[7f]">&gt;&gt;</a>&nbsp;&nbsp;&nbsp;EXTI_ClearFlag
</UL>
<BR>[Address Reference Count : 1]<UL><LI> startup_mm32f327x_keil.o(RESET)
</UL>
<P><STRONG><a name="[7f]"></a>EXTI_ClearFlag</STRONG> (Thumb, 6 bytes, Stack size 0 bytes, hal_exti.o(i.EXTI_ClearFlag))
<BR><BR>[Called By]<UL><LI><a href="#[1f]">&gt;&gt;</a>&nbsp;&nbsp;&nbsp;EXTI9_5_IRQHandler
<LI><a href="#[14]">&gt;&gt;</a>&nbsp;&nbsp;&nbsp;EXTI4_IRQHandler
<LI><a href="#[13]">&gt;&gt;</a>&nbsp;&nbsp;&nbsp;EXTI3_IRQHandler
<LI><a href="#[12]">&gt;&gt;</a>&nbsp;&nbsp;&nbsp;EXTI2_IRQHandler
<LI><a href="#[11]">&gt;&gt;</a>&nbsp;&nbsp;&nbsp;EXTI1_IRQHandler
<LI><a href="#[2e]">&gt;&gt;</a>&nbsp;&nbsp;&nbsp;EXTI15_10_IRQHandler
<LI><a href="#[10]">&gt;&gt;</a>&nbsp;&nbsp;&nbsp;EXTI0_IRQHandler
</UL>

<P><STRONG><a name="[80]"></a>EXTI_GetITStatus</STRONG> (Thumb, 28 bytes, Stack size 0 bytes, hal_exti.o(i.EXTI_GetITStatus))
<BR><BR>[Called By]<UL><LI><a href="#[1f]">&gt;&gt;</a>&nbsp;&nbsp;&nbsp;EXTI9_5_IRQHandler
<LI><a href="#[2e]">&gt;&gt;</a>&nbsp;&nbsp;&nbsp;EXTI15_10_IRQHandler
</UL>

<P><STRONG><a name="[be]"></a>FSMC_NORSRAMInit</STRONG> (Thumb, 46 bytes, Stack size 0 bytes, hal_fsmc.o(i.FSMC_NORSRAMInit))
<BR><BR>[Called By]<UL><LI><a href="#[b9]">&gt;&gt;</a>&nbsp;&nbsp;&nbsp;fsmc_init
</UL>

<P><STRONG><a name="[bb]"></a>FSMC_NORSRAMStructInit</STRONG> (Thumb, 24 bytes, Stack size 0 bytes, hal_fsmc.o(i.FSMC_NORSRAMStructInit))
<BR><BR>[Called By]<UL><LI><a href="#[b9]">&gt;&gt;</a>&nbsp;&nbsp;&nbsp;fsmc_init
</UL>

<P><STRONG><a name="[ba]"></a>FSMC_NORSRAM_BankStructInit</STRONG> (Thumb, 28 bytes, Stack size 0 bytes, hal_fsmc.o(i.FSMC_NORSRAM_BankStructInit))
<BR><BR>[Called By]<UL><LI><a href="#[b9]">&gt;&gt;</a>&nbsp;&nbsp;&nbsp;fsmc_init
</UL>

<P><STRONG><a name="[bd]"></a>FSMC_NORSRAM_Bank_Init</STRONG> (Thumb, 238 bytes, Stack size 0 bytes, hal_fsmc.o(i.FSMC_NORSRAM_Bank_Init))
<BR><BR>[Called By]<UL><LI><a href="#[b9]">&gt;&gt;</a>&nbsp;&nbsp;&nbsp;fsmc_init
</UL>

<P><STRONG><a name="[3]"></a>MemManage_Handler</STRONG> (Thumb, 4 bytes, Stack size 0 bytes, common.o(i.MemManage_Handler))
<BR>[Address Reference Count : 1]<UL><LI> startup_mm32f327x_keil.o(RESET)
</UL>
<P><STRONG><a name="[1]"></a>NMI_Handler</STRONG> (Thumb, 4 bytes, Stack size 0 bytes, common.o(i.NMI_Handler))
<BR>[Address Reference Count : 1]<UL><LI> startup_mm32f327x_keil.o(RESET)
</UL>
<P><STRONG><a name="[e3]"></a>NVIC_Init</STRONG> (Thumb, 96 bytes, Stack size 8 bytes, hal_misc.o(i.NVIC_Init))
<BR><BR>[Stack]<UL><LI>Max Depth = 8<LI>Call Chain = NVIC_Init
</UL>
<BR>[Called By]<UL><LI><a href="#[e2]">&gt;&gt;</a>&nbsp;&nbsp;&nbsp;nvic_init
</UL>

<P><STRONG><a name="[bc]"></a>RCC_AHB3PeriphClockCmd</STRONG> (Thumb, 26 bytes, Stack size 0 bytes, hal_rcc.o(i.RCC_AHB3PeriphClockCmd))
<BR><BR>[Called By]<UL><LI><a href="#[b9]">&gt;&gt;</a>&nbsp;&nbsp;&nbsp;fsmc_init
</UL>

<P><STRONG><a name="[6]"></a>SVC_Handler</STRONG> (Thumb, 4 bytes, Stack size 0 bytes, common.o(i.SVC_Handler))
<BR>[Address Reference Count : 1]<UL><LI> startup_mm32f327x_keil.o(RESET)
</UL>
<P><STRONG><a name="[9]"></a>SysTick_Handler</STRONG> (Thumb, 16 bytes, Stack size 8 bytes, board.o(i.SysTick_Handler))
<BR><BR>[Stack]<UL><LI>Max Depth = 284<LI>Call Chain = SysTick_Handler &rArr; rt_tick_increase &rArr; rt_timer_check &rArr; rt_timer_start &rArr; rt_object_get_type &rArr; rt_assert_handler &rArr; rt_kprintf &rArr; rt_vsnprintf &rArr; print_number
</UL>
<BR>[Calls]<UL><LI><a href="#[88]">&gt;&gt;</a>&nbsp;&nbsp;&nbsp;rt_tick_increase
<LI><a href="#[7b]">&gt;&gt;</a>&nbsp;&nbsp;&nbsp;rt_interrupt_leave
<LI><a href="#[78]">&gt;&gt;</a>&nbsp;&nbsp;&nbsp;rt_interrupt_enter
</UL>
<BR>[Address Reference Count : 1]<UL><LI> startup_mm32f327x_keil.o(RESET)
</UL>
<P><STRONG><a name="[49]"></a>SystemInit</STRONG> (Thumb, 82 bytes, Stack size 8 bytes, system_mm32f327x.o(i.SystemInit))
<BR><BR>[Stack]<UL><LI>Max Depth = 76<LI>Call Chain = SystemInit &rArr; SetSysClock &rArr; SetSysClockToXX &rArr; AutoCalPllFactor
</UL>
<BR>[Calls]<UL><LI><a href="#[84]">&gt;&gt;</a>&nbsp;&nbsp;&nbsp;SetSysClock
</UL>
<BR>[Address Reference Count : 1]<UL><LI> startup_mm32f327x_keil.o(.text)
</UL>
<P><STRONG><a name="[21]"></a>TIM1_UP_IRQHandler</STRONG> (Thumb, 24 bytes, Stack size 8 bytes, isr.o(i.TIM1_UP_IRQHandler))
<BR><BR>[Stack]<UL><LI>Max Depth = 16<LI>Call Chain = TIM1_UP_IRQHandler &rArr; rt_interrupt_leave
</UL>
<BR>[Calls]<UL><LI><a href="#[7b]">&gt;&gt;</a>&nbsp;&nbsp;&nbsp;rt_interrupt_leave
<LI><a href="#[78]">&gt;&gt;</a>&nbsp;&nbsp;&nbsp;rt_interrupt_enter
</UL>
<BR>[Address Reference Count : 1]<UL><LI> startup_mm32f327x_keil.o(RESET)
</UL>
<P><STRONG><a name="[24]"></a>TIM2_IRQHandler</STRONG> (Thumb, 28 bytes, Stack size 8 bytes, isr.o(i.TIM2_IRQHandler))
<BR><BR>[Stack]<UL><LI>Max Depth = 16<LI>Call Chain = TIM2_IRQHandler &rArr; rt_interrupt_leave
</UL>
<BR>[Calls]<UL><LI><a href="#[7b]">&gt;&gt;</a>&nbsp;&nbsp;&nbsp;rt_interrupt_leave
<LI><a href="#[78]">&gt;&gt;</a>&nbsp;&nbsp;&nbsp;rt_interrupt_enter
</UL>
<BR>[Address Reference Count : 1]<UL><LI> startup_mm32f327x_keil.o(RESET)
</UL>
<P><STRONG><a name="[25]"></a>TIM3_IRQHandler</STRONG> (Thumb, 24 bytes, Stack size 8 bytes, isr.o(i.TIM3_IRQHandler))
<BR><BR>[Stack]<UL><LI>Max Depth = 16<LI>Call Chain = TIM3_IRQHandler &rArr; rt_interrupt_leave
</UL>
<BR>[Calls]<UL><LI><a href="#[7b]">&gt;&gt;</a>&nbsp;&nbsp;&nbsp;rt_interrupt_leave
<LI><a href="#[78]">&gt;&gt;</a>&nbsp;&nbsp;&nbsp;rt_interrupt_enter
</UL>
<BR>[Address Reference Count : 1]<UL><LI> startup_mm32f327x_keil.o(RESET)
</UL>
<P><STRONG><a name="[26]"></a>TIM4_IRQHandler</STRONG> (Thumb, 24 bytes, Stack size 8 bytes, isr.o(i.TIM4_IRQHandler))
<BR><BR>[Stack]<UL><LI>Max Depth = 16<LI>Call Chain = TIM4_IRQHandler &rArr; rt_interrupt_leave
</UL>
<BR>[Calls]<UL><LI><a href="#[7b]">&gt;&gt;</a>&nbsp;&nbsp;&nbsp;rt_interrupt_leave
<LI><a href="#[78]">&gt;&gt;</a>&nbsp;&nbsp;&nbsp;rt_interrupt_enter
</UL>
<BR>[Address Reference Count : 1]<UL><LI> startup_mm32f327x_keil.o(RESET)
</UL>
<P><STRONG><a name="[37]"></a>TIM5_IRQHandler</STRONG> (Thumb, 24 bytes, Stack size 8 bytes, isr.o(i.TIM5_IRQHandler))
<BR><BR>[Stack]<UL><LI>Max Depth = 16<LI>Call Chain = TIM5_IRQHandler &rArr; rt_interrupt_leave
</UL>
<BR>[Calls]<UL><LI><a href="#[7b]">&gt;&gt;</a>&nbsp;&nbsp;&nbsp;rt_interrupt_leave
<LI><a href="#[78]">&gt;&gt;</a>&nbsp;&nbsp;&nbsp;rt_interrupt_enter
</UL>
<BR>[Address Reference Count : 1]<UL><LI> startup_mm32f327x_keil.o(RESET)
</UL>
<P><STRONG><a name="[3b]"></a>TIM6_IRQHandler</STRONG> (Thumb, 24 bytes, Stack size 8 bytes, isr.o(i.TIM6_IRQHandler))
<BR><BR>[Stack]<UL><LI>Max Depth = 16<LI>Call Chain = TIM6_IRQHandler &rArr; rt_interrupt_leave
</UL>
<BR>[Calls]<UL><LI><a href="#[7b]">&gt;&gt;</a>&nbsp;&nbsp;&nbsp;rt_interrupt_leave
<LI><a href="#[78]">&gt;&gt;</a>&nbsp;&nbsp;&nbsp;rt_interrupt_enter
</UL>
<BR>[Address Reference Count : 1]<UL><LI> startup_mm32f327x_keil.o(RESET)
</UL>
<P><STRONG><a name="[3c]"></a>TIM7_IRQHandler</STRONG> (Thumb, 24 bytes, Stack size 8 bytes, isr.o(i.TIM7_IRQHandler))
<BR><BR>[Stack]<UL><LI>Max Depth = 16<LI>Call Chain = TIM7_IRQHandler &rArr; rt_interrupt_leave
</UL>
<BR>[Calls]<UL><LI><a href="#[7b]">&gt;&gt;</a>&nbsp;&nbsp;&nbsp;rt_interrupt_leave
<LI><a href="#[78]">&gt;&gt;</a>&nbsp;&nbsp;&nbsp;rt_interrupt_enter
</UL>
<BR>[Address Reference Count : 1]<UL><LI> startup_mm32f327x_keil.o(RESET)
</UL>
<P><STRONG><a name="[32]"></a>TIM8_UP_IRQHandler</STRONG> (Thumb, 24 bytes, Stack size 8 bytes, isr.o(i.TIM8_UP_IRQHandler))
<BR><BR>[Stack]<UL><LI>Max Depth = 16<LI>Call Chain = TIM8_UP_IRQHandler &rArr; rt_interrupt_leave
</UL>
<BR>[Calls]<UL><LI><a href="#[7b]">&gt;&gt;</a>&nbsp;&nbsp;&nbsp;rt_interrupt_leave
<LI><a href="#[78]">&gt;&gt;</a>&nbsp;&nbsp;&nbsp;rt_interrupt_enter
</UL>
<BR>[Address Reference Count : 1]<UL><LI> startup_mm32f327x_keil.o(RESET)
</UL>
<P><STRONG><a name="[2b]"></a>UART1_IRQHandler</STRONG> (Thumb, 84 bytes, Stack size 8 bytes, board.o(i.UART1_IRQHandler))
<BR><BR>[Stack]<UL><LI>Max Depth = 340<LI>Call Chain = UART1_IRQHandler &rArr; rt_mb_send &rArr; rt_mb_send_wait &rArr; rt_ipc_list_suspend &rArr; rt_thread_suspend &rArr; rt_timer_stop &rArr; rt_object_get_type &rArr; rt_assert_handler &rArr; rt_kprintf &rArr; rt_vsnprintf &rArr; print_number
</UL>
<BR>[Calls]<UL><LI><a href="#[89]">&gt;&gt;</a>&nbsp;&nbsp;&nbsp;uart_getchar
<LI><a href="#[8a]">&gt;&gt;</a>&nbsp;&nbsp;&nbsp;rt_mb_send
<LI><a href="#[7b]">&gt;&gt;</a>&nbsp;&nbsp;&nbsp;rt_interrupt_leave
<LI><a href="#[78]">&gt;&gt;</a>&nbsp;&nbsp;&nbsp;rt_interrupt_enter
</UL>
<BR>[Address Reference Count : 1]<UL><LI> startup_mm32f327x_keil.o(RESET)
</UL>
<P><STRONG><a name="[2c]"></a>UART2_IRQHandler</STRONG> (Thumb, 64 bytes, Stack size 8 bytes, isr.o(i.UART2_IRQHandler))
<BR><BR>[Stack]<UL><LI>Max Depth = 16<LI>Call Chain = UART2_IRQHandler &rArr; rt_interrupt_leave
</UL>
<BR>[Calls]<UL><LI><a href="#[7b]">&gt;&gt;</a>&nbsp;&nbsp;&nbsp;rt_interrupt_leave
<LI><a href="#[78]">&gt;&gt;</a>&nbsp;&nbsp;&nbsp;rt_interrupt_enter
</UL>
<BR>[Address Reference Count : 1]<UL><LI> startup_mm32f327x_keil.o(RESET)
</UL>
<P><STRONG><a name="[2d]"></a>UART3_IRQHandler</STRONG> (Thumb, 64 bytes, Stack size 8 bytes, isr.o(i.UART3_IRQHandler))
<BR><BR>[Stack]<UL><LI>Max Depth = 16<LI>Call Chain = UART3_IRQHandler &rArr; rt_interrupt_leave
</UL>
<BR>[Calls]<UL><LI><a href="#[7b]">&gt;&gt;</a>&nbsp;&nbsp;&nbsp;rt_interrupt_leave
<LI><a href="#[78]">&gt;&gt;</a>&nbsp;&nbsp;&nbsp;rt_interrupt_enter
</UL>
<BR>[Address Reference Count : 1]<UL><LI> startup_mm32f327x_keil.o(RESET)
</UL>
<P><STRONG><a name="[39]"></a>UART4_IRQHandler</STRONG> (Thumb, 64 bytes, Stack size 8 bytes, isr.o(i.UART4_IRQHandler))
<BR><BR>[Stack]<UL><LI>Max Depth = 16<LI>Call Chain = UART4_IRQHandler &rArr; rt_interrupt_leave
</UL>
<BR>[Calls]<UL><LI><a href="#[7b]">&gt;&gt;</a>&nbsp;&nbsp;&nbsp;rt_interrupt_leave
<LI><a href="#[78]">&gt;&gt;</a>&nbsp;&nbsp;&nbsp;rt_interrupt_enter
</UL>
<BR>[Address Reference Count : 1]<UL><LI> startup_mm32f327x_keil.o(RESET)
</UL>
<P><STRONG><a name="[3a]"></a>UART5_IRQHandler</STRONG> (Thumb, 56 bytes, Stack size 8 bytes, isr.o(i.UART5_IRQHandler))
<BR><BR>[Stack]<UL><LI>Max Depth = 16<LI>Call Chain = UART5_IRQHandler &rArr; rt_interrupt_leave
</UL>
<BR>[Calls]<UL><LI><a href="#[7b]">&gt;&gt;</a>&nbsp;&nbsp;&nbsp;rt_interrupt_leave
<LI><a href="#[78]">&gt;&gt;</a>&nbsp;&nbsp;&nbsp;rt_interrupt_enter
</UL>
<BR>[Address Reference Count : 1]<UL><LI> startup_mm32f327x_keil.o(RESET)
</UL>
<P><STRONG><a name="[45]"></a>UART6_IRQHandler</STRONG> (Thumb, 64 bytes, Stack size 8 bytes, isr.o(i.UART6_IRQHandler))
<BR><BR>[Stack]<UL><LI>Max Depth = 16<LI>Call Chain = UART6_IRQHandler &rArr; rt_interrupt_leave
</UL>
<BR>[Calls]<UL><LI><a href="#[7b]">&gt;&gt;</a>&nbsp;&nbsp;&nbsp;rt_interrupt_leave
<LI><a href="#[78]">&gt;&gt;</a>&nbsp;&nbsp;&nbsp;rt_interrupt_enter
</UL>
<BR>[Address Reference Count : 1]<UL><LI> startup_mm32f327x_keil.o(RESET)
</UL>
<P><STRONG><a name="[46]"></a>UART7_IRQHandler</STRONG> (Thumb, 64 bytes, Stack size 8 bytes, isr.o(i.UART7_IRQHandler))
<BR><BR>[Stack]<UL><LI>Max Depth = 16<LI>Call Chain = UART7_IRQHandler &rArr; rt_interrupt_leave
</UL>
<BR>[Calls]<UL><LI><a href="#[7b]">&gt;&gt;</a>&nbsp;&nbsp;&nbsp;rt_interrupt_leave
<LI><a href="#[78]">&gt;&gt;</a>&nbsp;&nbsp;&nbsp;rt_interrupt_enter
</UL>
<BR>[Address Reference Count : 1]<UL><LI> startup_mm32f327x_keil.o(RESET)
</UL>
<P><STRONG><a name="[47]"></a>UART8_IRQHandler</STRONG> (Thumb, 94 bytes, Stack size 8 bytes, isr.o(i.UART8_IRQHandler))
<BR><BR>[Stack]<UL><LI>Max Depth = 16<LI>Call Chain = UART8_IRQHandler &rArr; rt_interrupt_leave
</UL>
<BR>[Calls]<UL><LI><a href="#[7b]">&gt;&gt;</a>&nbsp;&nbsp;&nbsp;rt_interrupt_leave
<LI><a href="#[78]">&gt;&gt;</a>&nbsp;&nbsp;&nbsp;rt_interrupt_enter
<LI><a href="#[8b]">&gt;&gt;</a>&nbsp;&nbsp;&nbsp;ov7725_cof_uart_interrupt
<LI><a href="#[8c]">&gt;&gt;</a>&nbsp;&nbsp;&nbsp;mt9v03x_uart_callback
</UL>
<BR>[Address Reference Count : 1]<UL><LI> startup_mm32f327x_keil.o(RESET)
</UL>
<P><STRONG><a name="[5]"></a>UsageFault_Handler</STRONG> (Thumb, 4 bytes, Stack size 0 bytes, common.o(i.UsageFault_Handler))
<BR>[Address Reference Count : 1]<UL><LI> startup_mm32f327x_keil.o(RESET)
</UL>
<P><STRONG><a name="[8e]"></a>__rt_ffs</STRONG> (Thumb, 70 bytes, Stack size 0 bytes, kservice.o(i.__rt_ffs))
<BR><BR>[Called By]<UL><LI><a href="#[8d]">&gt;&gt;</a>&nbsp;&nbsp;&nbsp;_get_highest_priority_thread
</UL>

<P><STRONG><a name="[142]"></a>__scatterload_copy</STRONG> (Thumb, 14 bytes, Stack size unknown bytes, handlers.o(i.__scatterload_copy), UNUSED)

<P><STRONG><a name="[143]"></a>__scatterload_null</STRONG> (Thumb, 2 bytes, Stack size unknown bytes, handlers.o(i.__scatterload_null), UNUSED)

<P><STRONG><a name="[144]"></a>__scatterload_zeroinit</STRONG> (Thumb, 14 bytes, Stack size unknown bytes, handlers.o(i.__scatterload_zeroinit), UNUSED)

<P><STRONG><a name="[c8]"></a>afio_init</STRONG> (Thumb, 218 bytes, Stack size 20 bytes, zf_gpio.o(i.afio_init))
<BR><BR>[Stack]<UL><LI>Max Depth = 20<LI>Call Chain = afio_init
</UL>
<BR>[Called By]<UL><LI><a href="#[c6]">&gt;&gt;</a>&nbsp;&nbsp;&nbsp;ips200_init
<LI><a href="#[12b]">&gt;&gt;</a>&nbsp;&nbsp;&nbsp;uart_pin_init
</UL>

<P><STRONG><a name="[a1]"></a>board_init</STRONG> (Thumb, 60 bytes, Stack size 8 bytes, board.o(i.board_init))
<BR><BR>[Stack]<UL><LI>Max Depth = 68<LI>Call Chain = board_init &rArr; uart_init &rArr; uart_pin_init &rArr; afio_init
</UL>
<BR>[Calls]<UL><LI><a href="#[a3]">&gt;&gt;</a>&nbsp;&nbsp;&nbsp;uart_rx_irq
<LI><a href="#[a2]">&gt;&gt;</a>&nbsp;&nbsp;&nbsp;uart_init
</UL>
<BR>[Called By]<UL><LI><a href="#[eb]">&gt;&gt;</a>&nbsp;&nbsp;&nbsp;rt_hw_board_init
</UL>

<P><STRONG><a name="[64]"></a>cmd_free</STRONG> (Thumb, 14 bytes, Stack size 16 bytes, msh.o(i.cmd_free))
<BR><BR>[Stack]<UL><LI>Max Depth = 300<LI>Call Chain = cmd_free &rArr; list_memheap &rArr; object_split &rArr; rt_kprintf &rArr; rt_vsnprintf &rArr; print_number
</UL>
<BR>[Calls]<UL><LI><a href="#[5e]">&gt;&gt;</a>&nbsp;&nbsp;&nbsp;list_memheap
</UL>
<BR>[Address Reference Count : 1]<UL><LI> msh.o(FSymTab)
</UL>
<P><STRONG><a name="[63]"></a>cmd_ps</STRONG> (Thumb, 14 bytes, Stack size 16 bytes, msh.o(i.cmd_ps))
<BR><BR>[Stack]<UL><LI>Max Depth = 436<LI>Call Chain = cmd_ps &rArr; list_thread &rArr; object_split &rArr; rt_kprintf &rArr; rt_vsnprintf &rArr; print_number
</UL>
<BR>[Calls]<UL><LI><a href="#[58]">&gt;&gt;</a>&nbsp;&nbsp;&nbsp;list_thread
</UL>
<BR>[Address Reference Count : 1]<UL><LI> msh.o(FSymTab)
</UL>
<P><STRONG><a name="[a5]"></a>finsh_get_prompt</STRONG> (Thumb, 84 bytes, Stack size 8 bytes, shell.o(i.finsh_get_prompt))
<BR><BR>[Stack]<UL><LI>Max Depth = 16<LI>Call Chain = finsh_get_prompt &rArr; strncpy
</UL>
<BR>[Calls]<UL><LI><a href="#[a8]">&gt;&gt;</a>&nbsp;&nbsp;&nbsp;strcpy
<LI><a href="#[a6]">&gt;&gt;</a>&nbsp;&nbsp;&nbsp;strncpy
<LI><a href="#[a9]">&gt;&gt;</a>&nbsp;&nbsp;&nbsp;strcat
<LI><a href="#[a7]">&gt;&gt;</a>&nbsp;&nbsp;&nbsp;msh_is_used
</UL>
<BR>[Called By]<UL><LI><a href="#[4d]">&gt;&gt;</a>&nbsp;&nbsp;&nbsp;finsh_thread_entry
<LI><a href="#[b4]">&gt;&gt;</a>&nbsp;&nbsp;&nbsp;shell_handle_history
<LI><a href="#[b5]">&gt;&gt;</a>&nbsp;&nbsp;&nbsp;shell_auto_complete
</UL>

<P><STRONG><a name="[ac]"></a>finsh_set_prompt_mode</STRONG> (Thumb, 42 bytes, Stack size 8 bytes, shell.o(i.finsh_set_prompt_mode))
<BR><BR>[Stack]<UL><LI>Max Depth = 212<LI>Call Chain = finsh_set_prompt_mode &rArr; rt_assert_handler &rArr; rt_kprintf &rArr; rt_vsnprintf &rArr; print_number
</UL>
<BR>[Calls]<UL><LI><a href="#[90]">&gt;&gt;</a>&nbsp;&nbsp;&nbsp;rt_assert_handler
</UL>
<BR>[Called By]<UL><LI><a href="#[53]">&gt;&gt;</a>&nbsp;&nbsp;&nbsp;finsh_system_init
</UL>

<P><STRONG><a name="[ad]"></a>finsh_system_function_init</STRONG> (Thumb, 10 bytes, Stack size 0 bytes, shell.o(i.finsh_system_function_init))
<BR><BR>[Called By]<UL><LI><a href="#[53]">&gt;&gt;</a>&nbsp;&nbsp;&nbsp;finsh_system_init
</UL>

<P><STRONG><a name="[53]"></a>finsh_system_init</STRONG> (Thumb, 100 bytes, Stack size 24 bytes, shell.o(i.finsh_system_init))
<BR><BR>[Stack]<UL><LI>Max Depth = 468<LI>Call Chain = finsh_system_init &rArr; rt_thread_create &rArr; rt_object_allocate &rArr; rt_malloc &rArr; rt_memheap_alloc &rArr; rt_sem_take &rArr; rt_ipc_list_suspend &rArr; rt_thread_suspend &rArr; rt_timer_stop &rArr; rt_object_get_type &rArr; rt_assert_handler &rArr; rt_kprintf &rArr; rt_vsnprintf &rArr; print_number
</UL>
<BR>[Calls]<UL><LI><a href="#[ae]">&gt;&gt;</a>&nbsp;&nbsp;&nbsp;rt_calloc
<LI><a href="#[b0]">&gt;&gt;</a>&nbsp;&nbsp;&nbsp;rt_sem_init
<LI><a href="#[95]">&gt;&gt;</a>&nbsp;&nbsp;&nbsp;rt_kprintf
<LI><a href="#[b1]">&gt;&gt;</a>&nbsp;&nbsp;&nbsp;rt_thread_startup
<LI><a href="#[af]">&gt;&gt;</a>&nbsp;&nbsp;&nbsp;rt_thread_create
<LI><a href="#[ad]">&gt;&gt;</a>&nbsp;&nbsp;&nbsp;finsh_system_function_init
<LI><a href="#[ac]">&gt;&gt;</a>&nbsp;&nbsp;&nbsp;finsh_set_prompt_mode
</UL>
<BR>[Address Reference Count : 1]<UL><LI> shell.o(.rti_fn.6)
</UL>
<P><STRONG><a name="[4d]"></a>finsh_thread_entry</STRONG> (Thumb, 1254 bytes, Stack size 0 bytes, shell.o(i.finsh_thread_entry))
<BR><BR>[Stack]<UL><LI>Max Depth = 332<LI>Call Chain = finsh_thread_entry &rArr; finsh_getchar &rArr; rt_hw_console_getchar &rArr; rt_mb_recv &rArr; rt_ipc_list_suspend &rArr; rt_thread_suspend &rArr; rt_timer_stop &rArr; rt_object_get_type &rArr; rt_assert_handler &rArr; rt_kprintf &rArr; rt_vsnprintf &rArr; print_number
</UL>
<BR>[Calls]<UL><LI><a href="#[b6]">&gt;&gt;</a>&nbsp;&nbsp;&nbsp;rt_memmove
<LI><a href="#[95]">&gt;&gt;</a>&nbsp;&nbsp;&nbsp;rt_kprintf
<LI><a href="#[b3]">&gt;&gt;</a>&nbsp;&nbsp;&nbsp;strlen
<LI><a href="#[68]">&gt;&gt;</a>&nbsp;&nbsp;&nbsp;__aeabi_memclr
<LI><a href="#[b2]">&gt;&gt;</a>&nbsp;&nbsp;&nbsp;__aeabi_memcpy
<LI><a href="#[a5]">&gt;&gt;</a>&nbsp;&nbsp;&nbsp;finsh_get_prompt
<LI><a href="#[b7]">&gt;&gt;</a>&nbsp;&nbsp;&nbsp;shell_push_history
<LI><a href="#[b4]">&gt;&gt;</a>&nbsp;&nbsp;&nbsp;shell_handle_history
<LI><a href="#[b5]">&gt;&gt;</a>&nbsp;&nbsp;&nbsp;shell_auto_complete
<LI><a href="#[aa]">&gt;&gt;</a>&nbsp;&nbsp;&nbsp;finsh_getchar
<LI><a href="#[a7]">&gt;&gt;</a>&nbsp;&nbsp;&nbsp;msh_is_used
<LI><a href="#[b8]">&gt;&gt;</a>&nbsp;&nbsp;&nbsp;msh_exec
</UL>
<BR>[Address Reference Count : 1]<UL><LI> shell.o(i.finsh_system_init)
</UL>
<P><STRONG><a name="[b9]"></a>fsmc_init</STRONG> (Thumb, 88 bytes, Stack size 56 bytes, zf_fsmc.o(i.fsmc_init))
<BR><BR>[Stack]<UL><LI>Max Depth = 56<LI>Call Chain = fsmc_init
</UL>
<BR>[Calls]<UL><LI><a href="#[bc]">&gt;&gt;</a>&nbsp;&nbsp;&nbsp;RCC_AHB3PeriphClockCmd
<LI><a href="#[bd]">&gt;&gt;</a>&nbsp;&nbsp;&nbsp;FSMC_NORSRAM_Bank_Init
<LI><a href="#[ba]">&gt;&gt;</a>&nbsp;&nbsp;&nbsp;FSMC_NORSRAM_BankStructInit
<LI><a href="#[bb]">&gt;&gt;</a>&nbsp;&nbsp;&nbsp;FSMC_NORSRAMStructInit
<LI><a href="#[be]">&gt;&gt;</a>&nbsp;&nbsp;&nbsp;FSMC_NORSRAMInit
</UL>
<BR>[Called By]<UL><LI><a href="#[c6]">&gt;&gt;</a>&nbsp;&nbsp;&nbsp;ips200_init
</UL>

<P><STRONG><a name="[c7]"></a>gpio_init</STRONG> (Thumb, 322 bytes, Stack size 24 bytes, zf_gpio.o(i.gpio_init))
<BR><BR>[Stack]<UL><LI>Max Depth = 24<LI>Call Chain = gpio_init
</UL>
<BR>[Called By]<UL><LI><a href="#[c6]">&gt;&gt;</a>&nbsp;&nbsp;&nbsp;ips200_init
<LI><a href="#[db]">&gt;&gt;</a>&nbsp;&nbsp;&nbsp;$Super$$main
</UL>

<P><STRONG><a name="[dd]"></a>gpio_toggle</STRONG> (Thumb, 86 bytes, Stack size 0 bytes, zf_gpio.o(i.gpio_toggle))
<BR><BR>[Called By]<UL><LI><a href="#[db]">&gt;&gt;</a>&nbsp;&nbsp;&nbsp;$Super$$main
</UL>

<P><STRONG><a name="[55]"></a>hello</STRONG> (Thumb, 12 bytes, Stack size 8 bytes, cmd.o(i.hello))
<BR><BR>[Stack]<UL><LI>Max Depth = 188<LI>Call Chain = hello &rArr; rt_kprintf &rArr; rt_vsnprintf &rArr; print_number
</UL>
<BR>[Calls]<UL><LI><a href="#[95]">&gt;&gt;</a>&nbsp;&nbsp;&nbsp;rt_kprintf
</UL>
<BR>[Address Reference Count : 1]<UL><LI> cmd.o(FSymTab)
</UL>
<P><STRONG><a name="[c2]"></a>ips200_address_set</STRONG> (Thumb, 54 bytes, Stack size 20 bytes, seekfree_ips200_parallel8.o(i.ips200_address_set))
<BR><BR>[Stack]<UL><LI>Max Depth = 24<LI>Call Chain = ips200_address_set &rArr; ips200_wr_data16
</UL>
<BR>[Calls]<UL><LI><a href="#[c3]">&gt;&gt;</a>&nbsp;&nbsp;&nbsp;ips200_wr_reg
<LI><a href="#[c4]">&gt;&gt;</a>&nbsp;&nbsp;&nbsp;ips200_wr_data16
</UL>
<BR>[Called By]<UL><LI><a href="#[cb]">&gt;&gt;</a>&nbsp;&nbsp;&nbsp;ips200_showchar
<LI><a href="#[c5]">&gt;&gt;</a>&nbsp;&nbsp;&nbsp;ips200_clear
</UL>

<P><STRONG><a name="[c5]"></a>ips200_clear</STRONG> (Thumb, 52 bytes, Stack size 16 bytes, seekfree_ips200_parallel8.o(i.ips200_clear))
<BR><BR>[Stack]<UL><LI>Max Depth = 40<LI>Call Chain = ips200_clear &rArr; ips200_address_set &rArr; ips200_wr_data16
</UL>
<BR>[Calls]<UL><LI><a href="#[c4]">&gt;&gt;</a>&nbsp;&nbsp;&nbsp;ips200_wr_data16
<LI><a href="#[c2]">&gt;&gt;</a>&nbsp;&nbsp;&nbsp;ips200_address_set
</UL>
<BR>[Called By]<UL><LI><a href="#[c6]">&gt;&gt;</a>&nbsp;&nbsp;&nbsp;ips200_init
</UL>

<P><STRONG><a name="[c6]"></a>ips200_init</STRONG> (Thumb, 610 bytes, Stack size 8 bytes, seekfree_ips200_parallel8.o(i.ips200_init))
<BR><BR>[Stack]<UL><LI>Max Depth = 292<LI>Call Chain = ips200_init &rArr; systick_delay_ms &rArr; rt_thread_mdelay &rArr; rt_thread_sleep &rArr; rt_timer_start &rArr; rt_object_get_type &rArr; rt_assert_handler &rArr; rt_kprintf &rArr; rt_vsnprintf &rArr; print_number
</UL>
<BR>[Calls]<UL><LI><a href="#[b9]">&gt;&gt;</a>&nbsp;&nbsp;&nbsp;fsmc_init
<LI><a href="#[c8]">&gt;&gt;</a>&nbsp;&nbsp;&nbsp;afio_init
<LI><a href="#[c7]">&gt;&gt;</a>&nbsp;&nbsp;&nbsp;gpio_init
<LI><a href="#[c9]">&gt;&gt;</a>&nbsp;&nbsp;&nbsp;systick_delay_ms
<LI><a href="#[c3]">&gt;&gt;</a>&nbsp;&nbsp;&nbsp;ips200_wr_reg
<LI><a href="#[ca]">&gt;&gt;</a>&nbsp;&nbsp;&nbsp;ips200_wr_data
<LI><a href="#[c5]">&gt;&gt;</a>&nbsp;&nbsp;&nbsp;ips200_clear
</UL>
<BR>[Called By]<UL><LI><a href="#[db]">&gt;&gt;</a>&nbsp;&nbsp;&nbsp;$Super$$main
</UL>

<P><STRONG><a name="[cb]"></a>ips200_showchar</STRONG> (Thumb, 106 bytes, Stack size 28 bytes, seekfree_ips200_parallel8.o(i.ips200_showchar))
<BR><BR>[Stack]<UL><LI>Max Depth = 52<LI>Call Chain = ips200_showchar &rArr; ips200_address_set &rArr; ips200_wr_data16
</UL>
<BR>[Calls]<UL><LI><a href="#[c4]">&gt;&gt;</a>&nbsp;&nbsp;&nbsp;ips200_wr_data16
<LI><a href="#[c2]">&gt;&gt;</a>&nbsp;&nbsp;&nbsp;ips200_address_set
</UL>
<BR>[Called By]<UL><LI><a href="#[cf]">&gt;&gt;</a>&nbsp;&nbsp;&nbsp;ips200_showstr
</UL>

<P><STRONG><a name="[cc]"></a>ips200_showfloat</STRONG> (Thumb, 184 bytes, Stack size 96 bytes, seekfree_ips200_parallel8.o(i.ips200_showfloat))
<BR><BR>[Stack]<UL><LI>Max Depth = 296<LI>Call Chain = ips200_showfloat &rArr; zf_sprintf &rArr; __aeabi_drsub &rArr; __aeabi_dadd &rArr; _double_epilogue &rArr; _double_round
</UL>
<BR>[Calls]<UL><LI><a href="#[ce]">&gt;&gt;</a>&nbsp;&nbsp;&nbsp;zf_sprintf
<LI><a href="#[cd]">&gt;&gt;</a>&nbsp;&nbsp;&nbsp;__aeabi_cdrcmple
<LI><a href="#[cf]">&gt;&gt;</a>&nbsp;&nbsp;&nbsp;ips200_showstr
</UL>
<BR>[Called By]<UL><LI><a href="#[db]">&gt;&gt;</a>&nbsp;&nbsp;&nbsp;$Super$$main
</UL>

<P><STRONG><a name="[cf]"></a>ips200_showstr</STRONG> (Thumb, 46 bytes, Stack size 20 bytes, seekfree_ips200_parallel8.o(i.ips200_showstr))
<BR><BR>[Stack]<UL><LI>Max Depth = 72<LI>Call Chain = ips200_showstr &rArr; ips200_showchar &rArr; ips200_address_set &rArr; ips200_wr_data16
</UL>
<BR>[Calls]<UL><LI><a href="#[cb]">&gt;&gt;</a>&nbsp;&nbsp;&nbsp;ips200_showchar
</UL>
<BR>[Called By]<UL><LI><a href="#[cc]">&gt;&gt;</a>&nbsp;&nbsp;&nbsp;ips200_showfloat
</UL>

<P><STRONG><a name="[d0]"></a>ips200_w_data</STRONG> (Thumb, 8 bytes, Stack size 0 bytes, seekfree_ips200_parallel8.o(i.ips200_w_data))
<BR><BR>[Called By]<UL><LI><a href="#[c4]">&gt;&gt;</a>&nbsp;&nbsp;&nbsp;ips200_wr_data16
<LI><a href="#[ca]">&gt;&gt;</a>&nbsp;&nbsp;&nbsp;ips200_wr_data
</UL>

<P><STRONG><a name="[ca]"></a>ips200_wr_data</STRONG> (Thumb, 60 bytes, Stack size 4 bytes, seekfree_ips200_parallel8.o(i.ips200_wr_data))
<BR><BR>[Stack]<UL><LI>Max Depth = 4<LI>Call Chain = ips200_wr_data
</UL>
<BR>[Calls]<UL><LI><a href="#[d0]">&gt;&gt;</a>&nbsp;&nbsp;&nbsp;ips200_w_data
</UL>
<BR>[Called By]<UL><LI><a href="#[c6]">&gt;&gt;</a>&nbsp;&nbsp;&nbsp;ips200_init
</UL>

<P><STRONG><a name="[c4]"></a>ips200_wr_data16</STRONG> (Thumb, 98 bytes, Stack size 4 bytes, seekfree_ips200_parallel8.o(i.ips200_wr_data16))
<BR><BR>[Stack]<UL><LI>Max Depth = 4<LI>Call Chain = ips200_wr_data16
</UL>
<BR>[Calls]<UL><LI><a href="#[d0]">&gt;&gt;</a>&nbsp;&nbsp;&nbsp;ips200_w_data
</UL>
<BR>[Called By]<UL><LI><a href="#[cb]">&gt;&gt;</a>&nbsp;&nbsp;&nbsp;ips200_showchar
<LI><a href="#[c5]">&gt;&gt;</a>&nbsp;&nbsp;&nbsp;ips200_clear
<LI><a href="#[c2]">&gt;&gt;</a>&nbsp;&nbsp;&nbsp;ips200_address_set
</UL>

<P><STRONG><a name="[c3]"></a>ips200_wr_reg</STRONG> (Thumb, 58 bytes, Stack size 0 bytes, seekfree_ips200_parallel8.o(i.ips200_wr_reg))
<BR><BR>[Called By]<UL><LI><a href="#[c6]">&gt;&gt;</a>&nbsp;&nbsp;&nbsp;ips200_init
<LI><a href="#[c2]">&gt;&gt;</a>&nbsp;&nbsp;&nbsp;ips200_address_set
</UL>

<P><STRONG><a name="[61]"></a>list</STRONG> (Thumb, 54 bytes, Stack size 8 bytes, cmd.o(i.list))
<BR><BR>[Stack]<UL><LI>Max Depth = 188<LI>Call Chain = list &rArr; rt_kprintf &rArr; rt_vsnprintf &rArr; print_number
</UL>
<BR>[Calls]<UL><LI><a href="#[95]">&gt;&gt;</a>&nbsp;&nbsp;&nbsp;rt_kprintf
<LI><a href="#[d1]">&gt;&gt;</a>&nbsp;&nbsp;&nbsp;strncmp
</UL>
<BR>[Address Reference Count : 1]<UL><LI> cmd.o(FSymTab)
</UL>
<P><STRONG><a name="[5a]"></a>list_event</STRONG> (Thumb, 204 bytes, Stack size 96 bytes, cmd.o(i.list_event))
<BR><BR>[Stack]<UL><LI>Max Depth = 292<LI>Call Chain = list_event &rArr; show_wait_queue &rArr; rt_kprintf &rArr; rt_vsnprintf &rArr; print_number
</UL>
<BR>[Calls]<UL><LI><a href="#[95]">&gt;&gt;</a>&nbsp;&nbsp;&nbsp;rt_kprintf
<LI><a href="#[a0]">&gt;&gt;</a>&nbsp;&nbsp;&nbsp;rt_hw_interrupt_enable
<LI><a href="#[96]">&gt;&gt;</a>&nbsp;&nbsp;&nbsp;rt_hw_interrupt_disable
<LI><a href="#[d7]">&gt;&gt;</a>&nbsp;&nbsp;&nbsp;show_wait_queue
<LI><a href="#[d6]">&gt;&gt;</a>&nbsp;&nbsp;&nbsp;rt_list_len
<LI><a href="#[d5]">&gt;&gt;</a>&nbsp;&nbsp;&nbsp;rt_list_isempty
<LI><a href="#[d3]">&gt;&gt;</a>&nbsp;&nbsp;&nbsp;object_split
<LI><a href="#[d4]">&gt;&gt;</a>&nbsp;&nbsp;&nbsp;list_get_next
<LI><a href="#[d2]">&gt;&gt;</a>&nbsp;&nbsp;&nbsp;list_find_init
</UL>
<BR>[Address Reference Count : 1]<UL><LI> cmd.o(FSymTab)
</UL>
<P><STRONG><a name="[5c]"></a>list_mailbox</STRONG> (Thumb, 224 bytes, Stack size 104 bytes, cmd.o(i.list_mailbox))
<BR><BR>[Stack]<UL><LI>Max Depth = 300<LI>Call Chain = list_mailbox &rArr; show_wait_queue &rArr; rt_kprintf &rArr; rt_vsnprintf &rArr; print_number
</UL>
<BR>[Calls]<UL><LI><a href="#[95]">&gt;&gt;</a>&nbsp;&nbsp;&nbsp;rt_kprintf
<LI><a href="#[a0]">&gt;&gt;</a>&nbsp;&nbsp;&nbsp;rt_hw_interrupt_enable
<LI><a href="#[96]">&gt;&gt;</a>&nbsp;&nbsp;&nbsp;rt_hw_interrupt_disable
<LI><a href="#[d7]">&gt;&gt;</a>&nbsp;&nbsp;&nbsp;show_wait_queue
<LI><a href="#[d6]">&gt;&gt;</a>&nbsp;&nbsp;&nbsp;rt_list_len
<LI><a href="#[d5]">&gt;&gt;</a>&nbsp;&nbsp;&nbsp;rt_list_isempty
<LI><a href="#[d3]">&gt;&gt;</a>&nbsp;&nbsp;&nbsp;object_split
<LI><a href="#[d4]">&gt;&gt;</a>&nbsp;&nbsp;&nbsp;list_get_next
<LI><a href="#[d2]">&gt;&gt;</a>&nbsp;&nbsp;&nbsp;list_find_init
</UL>
<BR>[Address Reference Count : 1]<UL><LI> cmd.o(FSymTab)
</UL>
<P><STRONG><a name="[5e]"></a>list_memheap</STRONG> (Thumb, 158 bytes, Stack size 96 bytes, cmd.o(i.list_memheap))
<BR><BR>[Stack]<UL><LI>Max Depth = 284<LI>Call Chain = list_memheap &rArr; object_split &rArr; rt_kprintf &rArr; rt_vsnprintf &rArr; print_number
</UL>
<BR>[Calls]<UL><LI><a href="#[95]">&gt;&gt;</a>&nbsp;&nbsp;&nbsp;rt_kprintf
<LI><a href="#[a0]">&gt;&gt;</a>&nbsp;&nbsp;&nbsp;rt_hw_interrupt_enable
<LI><a href="#[96]">&gt;&gt;</a>&nbsp;&nbsp;&nbsp;rt_hw_interrupt_disable
<LI><a href="#[d3]">&gt;&gt;</a>&nbsp;&nbsp;&nbsp;object_split
<LI><a href="#[d4]">&gt;&gt;</a>&nbsp;&nbsp;&nbsp;list_get_next
<LI><a href="#[d2]">&gt;&gt;</a>&nbsp;&nbsp;&nbsp;list_find_init
</UL>
<BR>[Called By]<UL><LI><a href="#[64]">&gt;&gt;</a>&nbsp;&nbsp;&nbsp;cmd_free
</UL>
<BR>[Address Reference Count : 1]<UL><LI> cmd.o(FSymTab)
</UL>
<P><STRONG><a name="[5f]"></a>list_mempool</STRONG> (Thumb, 232 bytes, Stack size 112 bytes, cmd.o(i.list_mempool))
<BR><BR>[Stack]<UL><LI>Max Depth = 308<LI>Call Chain = list_mempool &rArr; show_wait_queue &rArr; rt_kprintf &rArr; rt_vsnprintf &rArr; print_number
</UL>
<BR>[Calls]<UL><LI><a href="#[95]">&gt;&gt;</a>&nbsp;&nbsp;&nbsp;rt_kprintf
<LI><a href="#[a0]">&gt;&gt;</a>&nbsp;&nbsp;&nbsp;rt_hw_interrupt_enable
<LI><a href="#[96]">&gt;&gt;</a>&nbsp;&nbsp;&nbsp;rt_hw_interrupt_disable
<LI><a href="#[d7]">&gt;&gt;</a>&nbsp;&nbsp;&nbsp;show_wait_queue
<LI><a href="#[d3]">&gt;&gt;</a>&nbsp;&nbsp;&nbsp;object_split
[...]
</UL>
<BR>[Calls]<UL><LI><a href="#[11c]">&gt;&gt;</a>&nbsp;&nbsp;&nbsp;rt_thread_idle_excute
</UL>
<BR>[Address Reference Count : 1]<UL><LI> idle.o(i.rt_thread_idle_init)
</UL>
<P><STRONG><a name="[f5]"></a>rt_ipc_list_resume</STRONG> (Thumb, 24 bytes, Stack size 16 bytes, ipc.o(i.rt_ipc_list_resume))
<BR><BR>[Stack]<UL><LI>Max Depth = 260<LI>Call Chain = rt_ipc_list_resume &rArr; rt_thread_resume &rArr; rt_timer_stop &rArr; rt_object_get_type &rArr; rt_assert_handler &rArr; rt_kprintf &rArr; rt_vsnprintf &rArr; print_number
</UL>
<BR>[Calls]<UL><LI><a href="#[f6]">&gt;&gt;</a>&nbsp;&nbsp;&nbsp;rt_thread_resume
</UL>
<BR>[Called By]<UL><LI><a href="#[f0]">&gt;&gt;</a>&nbsp;&nbsp;&nbsp;rt_mb_recv
<LI><a href="#[107]">&gt;&gt;</a>&nbsp;&nbsp;&nbsp;rt_sem_release
<LI><a href="#[104]">&gt;&gt;</a>&nbsp;&nbsp;&nbsp;rt_mb_send_wait
</UL>

<P><STRONG><a name="[f7]"></a>rt_ipc_list_suspend</STRONG> (Thumb, 110 bytes, Stack size 24 bytes, ipc.o(i.rt_ipc_list_suspend))
<BR><BR>[Stack]<UL><LI>Max Depth = 268<LI>Call Chain = rt_ipc_list_suspend &rArr; rt_thread_suspend &rArr; rt_timer_stop &rArr; rt_object_get_type &rArr; rt_assert_handler &rArr; rt_kprintf &rArr; rt_vsnprintf &rArr; print_number
</UL>
<BR>[Calls]<UL><LI><a href="#[f8]">&gt;&gt;</a>&nbsp;&nbsp;&nbsp;rt_thread_suspend
<LI><a href="#[f9]">&gt;&gt;</a>&nbsp;&nbsp;&nbsp;rt_list_insert_before
</UL>
<BR>[Called By]<UL><LI><a href="#[f0]">&gt;&gt;</a>&nbsp;&nbsp;&nbsp;rt_mb_recv
<LI><a href="#[105]">&gt;&gt;</a>&nbsp;&nbsp;&nbsp;rt_sem_take
<LI><a href="#[104]">&gt;&gt;</a>&nbsp;&nbsp;&nbsp;rt_mb_send_wait
</UL>

<P><STRONG><a name="[fa]"></a>rt_ipc_object_init</STRONG> (Thumb, 16 bytes, Stack size 8 bytes, ipc.o(i.rt_ipc_object_init))
<BR><BR>[Stack]<UL><LI>Max Depth = 8<LI>Call Chain = rt_ipc_object_init
</UL>
<BR>[Calls]<UL><LI><a href="#[fb]">&gt;&gt;</a>&nbsp;&nbsp;&nbsp;rt_list_init
</UL>
<BR>[Called By]<UL><LI><a href="#[ef]">&gt;&gt;</a>&nbsp;&nbsp;&nbsp;rt_mb_create
<LI><a href="#[b0]">&gt;&gt;</a>&nbsp;&nbsp;&nbsp;rt_sem_init
</UL>

<P><STRONG><a name="[fb]"></a>rt_list_init</STRONG> (Thumb, 6 bytes, Stack size 0 bytes, ipc.o(i.rt_list_init))
<BR><BR>[Called By]<UL><LI><a href="#[ef]">&gt;&gt;</a>&nbsp;&nbsp;&nbsp;rt_mb_create
<LI><a href="#[fa]">&gt;&gt;</a>&nbsp;&nbsp;&nbsp;rt_ipc_object_init
</UL>

<P><STRONG><a name="[f9]"></a>rt_list_insert_before</STRONG> (Thumb, 14 bytes, Stack size 0 bytes, ipc.o(i.rt_list_insert_before))
<BR><BR>[Called By]<UL><LI><a href="#[f7]">&gt;&gt;</a>&nbsp;&nbsp;&nbsp;rt_ipc_list_suspend
</UL>

<P><STRONG><a name="[103]"></a>rt_list_isempty</STRONG> (Thumb, 16 bytes, Stack size 0 bytes, ipc.o(i.rt_list_isempty))
<BR><BR>[Called By]<UL><LI><a href="#[f0]">&gt;&gt;</a>&nbsp;&nbsp;&nbsp;rt_mb_recv
<LI><a href="#[107]">&gt;&gt;</a>&nbsp;&nbsp;&nbsp;rt_sem_release
<LI><a href="#[104]">&gt;&gt;</a>&nbsp;&nbsp;&nbsp;rt_mb_send_wait
</UL>

<P><STRONG><a name="[128]"></a>print_number</STRONG> (Thumb, 400 bytes, Stack size 60 bytes, kservice.o(i.print_number))
<BR><BR>[Stack]<UL><LI>Max Depth = 60<LI>Call Chain = print_number
</UL>
<BR>[Called By]<UL><LI><a href="#[fc]">&gt;&gt;</a>&nbsp;&nbsp;&nbsp;rt_vsnprintf
</UL>

<P><STRONG><a name="[126]"></a>skip_atoi</STRONG> (Thumb, 42 bytes, Stack size 0 bytes, kservice.o(i.skip_atoi))
<BR><BR>[Called By]<UL><LI><a href="#[fc]">&gt;&gt;</a>&nbsp;&nbsp;&nbsp;rt_vsnprintf
</UL>

<P><STRONG><a name="[10a]"></a>rt_list_insert_after</STRONG> (Thumb, 14 bytes, Stack size 0 bytes, object.o(i.rt_list_insert_after))
<BR><BR>[Called By]<UL><LI><a href="#[109]">&gt;&gt;</a>&nbsp;&nbsp;&nbsp;rt_object_init
<LI><a href="#[ff]">&gt;&gt;</a>&nbsp;&nbsp;&nbsp;rt_object_allocate
</UL>

<P><STRONG><a name="[10b]"></a>rt_list_remove</STRONG> (Thumb, 18 bytes, Stack size 0 bytes, object.o(i.rt_list_remove))
<BR><BR>[Called By]<UL><LI><a href="#[10c]">&gt;&gt;</a>&nbsp;&nbsp;&nbsp;rt_object_detach
<LI><a href="#[100]">&gt;&gt;</a>&nbsp;&nbsp;&nbsp;rt_object_delete
</UL>

<P><STRONG><a name="[8d]"></a>_get_highest_priority_thread</STRONG> (Thumb, 30 bytes, Stack size 16 bytes, scheduler.o(i._get_highest_priority_thread))
<BR><BR>[Stack]<UL><LI>Max Depth = 16<LI>Call Chain = _get_highest_priority_thread
</UL>
<BR>[Calls]<UL><LI><a href="#[8e]">&gt;&gt;</a>&nbsp;&nbsp;&nbsp;__rt_ffs
</UL>
<BR>[Called By]<UL><LI><a href="#[117]">&gt;&gt;</a>&nbsp;&nbsp;&nbsp;rt_system_scheduler_start
<LI><a href="#[e8]">&gt;&gt;</a>&nbsp;&nbsp;&nbsp;rt_schedule
</UL>

<P><STRONG><a name="[94]"></a>_rt_scheduler_stack_check</STRONG> (Thumb, 86 bytes, Stack size 16 bytes, scheduler.o(i._rt_scheduler_stack_check))
<BR><BR>[Stack]<UL><LI>Max Depth = 220<LI>Call Chain = _rt_scheduler_stack_check &rArr; rt_assert_handler &rArr; rt_kprintf &rArr; rt_vsnprintf &rArr; print_number
</UL>
<BR>[Calls]<UL><LI><a href="#[95]">&gt;&gt;</a>&nbsp;&nbsp;&nbsp;rt_kprintf
<LI><a href="#[90]">&gt;&gt;</a>&nbsp;&nbsp;&nbsp;rt_assert_handler
<LI><a href="#[96]">&gt;&gt;</a>&nbsp;&nbsp;&nbsp;rt_hw_interrupt_disable
</UL>
<BR>[Called By]<UL><LI><a href="#[e8]">&gt;&gt;</a>&nbsp;&nbsp;&nbsp;rt_schedule
</UL>

<P><STRONG><a name="[116]"></a>rt_list_init</STRONG> (Thumb, 6 bytes, Stack size 0 bytes, scheduler.o(i.rt_list_init))
<BR><BR>[Called By]<UL><LI><a href="#[115]">&gt;&gt;</a>&nbsp;&nbsp;&nbsp;rt_system_scheduler_init
</UL>

<P><STRONG><a name="[97]"></a>_rt_thread_init</STRONG> (Thumb, 156 bytes, Stack size 48 bytes, thread.o(i._rt_thread_init))
<BR><BR>[Stack]<UL><LI>Max Depth = 364<LI>Call Chain = _rt_thread_init &rArr; rt_timer_init &rArr; rt_object_init &rArr; rt_exit_critical &rArr; rt_schedule &rArr; rt_schedule_remove_thread &rArr; rt_assert_handler &rArr; rt_kprintf &rArr; rt_vsnprintf &rArr; print_number
</UL>
<BR>[Calls]<UL><LI><a href="#[98]">&gt;&gt;</a>&nbsp;&nbsp;&nbsp;rt_memset
<LI><a href="#[90]">&gt;&gt;</a>&nbsp;&nbsp;&nbsp;rt_assert_handler
<LI><a href="#[9a]">&gt;&gt;</a>&nbsp;&nbsp;&nbsp;rt_timer_init
<LI><a href="#[99]">&gt;&gt;</a>&nbsp;&nbsp;&nbsp;rt_hw_stack_init
</UL>
<BR>[Called By]<UL><LI><a href="#[11e]">&gt;&gt;</a>&nbsp;&nbsp;&nbsp;rt_thread_init
<LI><a href="#[af]">&gt;&gt;</a>&nbsp;&nbsp;&nbsp;rt_thread_create
</UL>

<P><STRONG><a name="[9f]"></a>_thread_cleanup_execute</STRONG> (Thumb, 28 bytes, Stack size 16 bytes, thread.o(i._thread_cleanup_execute))
<BR><BR>[Stack]<UL><LI>Max Depth = 16<LI>Call Chain = _thread_cleanup_execute
</UL>
<BR>[Calls]<UL><LI><a href="#[a0]">&gt;&gt;</a>&nbsp;&nbsp;&nbsp;rt_hw_interrupt_enable
<LI><a href="#[96]">&gt;&gt;</a>&nbsp;&nbsp;&nbsp;rt_hw_interrupt_disable
</UL>
<BR>[Called By]<UL><LI><a href="#[4b]">&gt;&gt;</a>&nbsp;&nbsp;&nbsp;rt_thread_exit
</UL>

<P><STRONG><a name="[11b]"></a>rt_list_insert_after</STRONG> (Thumb, 14 bytes, Stack size 0 bytes, thread.o(i.rt_list_insert_after))
<BR><BR>[Called By]<UL><LI><a href="#[4b]">&gt;&gt;</a>&nbsp;&nbsp;&nbsp;rt_thread_exit
</UL>

<P><STRONG><a name="[121]"></a>rt_list_remove</STRONG> (Thumb, 18 bytes, Stack size 0 bytes, thread.o(i.rt_list_remove))
<BR><BR>[Called By]<UL><LI><a href="#[f6]">&gt;&gt;</a>&nbsp;&nbsp;&nbsp;rt_thread_resume
<LI><a href="#[4c]">&gt;&gt;</a>&nbsp;&nbsp;&nbsp;rt_thread_timeout
</UL>

<P><STRONG><a name="[9b]"></a>_rt_timer_init</STRONG> (Thumb, 66 bytes, Stack size 32 bytes, timer.o(i._rt_timer_init))
<BR><BR>[Stack]<UL><LI>Max Depth = 32<LI>Call Chain = _rt_timer_init
</UL>
<BR>[Calls]<UL><LI><a href="#[9c]">&gt;&gt;</a>&nbsp;&nbsp;&nbsp;rt_list_init
</UL>
<BR>[Called By]<UL><LI><a href="#[9a]">&gt;&gt;</a>&nbsp;&nbsp;&nbsp;rt_timer_init
</UL>

<P><STRONG><a name="[9d]"></a>_rt_timer_remove</STRONG> (Thumb, 28 bytes, Stack size 16 bytes, timer.o(i._rt_timer_remove))
<BR><BR>[Stack]<UL><LI>Max Depth = 16<LI>Call Chain = _rt_timer_remove
</UL>
<BR>[Calls]<UL><LI><a href="#[9e]">&gt;&gt;</a>&nbsp;&nbsp;&nbsp;rt_list_remove
</UL>
<BR>[Called By]<UL><LI><a href="#[102]">&gt;&gt;</a>&nbsp;&nbsp;&nbsp;rt_timer_start
<LI><a href="#[123]">&gt;&gt;</a>&nbsp;&nbsp;&nbsp;rt_timer_check
<LI><a href="#[122]">&gt;&gt;</a>&nbsp;&nbsp;&nbsp;rt_timer_stop
<LI><a href="#[11a]">&gt;&gt;</a>&nbsp;&nbsp;&nbsp;rt_timer_detach
</UL>

<P><STRONG><a name="[9c]"></a>rt_list_init</STRONG> (Thumb, 6 bytes, Stack size 0 bytes, timer.o(i.rt_list_init))
<BR><BR>[Called By]<UL><LI><a href="#[119]">&gt;&gt;</a>&nbsp;&nbsp;&nbsp;rt_system_timer_init
<LI><a href="#[9b]">&gt;&gt;</a>&nbsp;&nbsp;&nbsp;_rt_timer_init
</UL>

<P><STRONG><a name="[124]"></a>rt_list_insert_after</STRONG> (Thumb, 14 bytes, Stack size 0 bytes, timer.o(i.rt_list_insert_after))
<BR><BR>[Called By]<UL><LI><a href="#[102]">&gt;&gt;</a>&nbsp;&nbsp;&nbsp;rt_timer_start
<LI><a href="#[123]">&gt;&gt;</a>&nbsp;&nbsp;&nbsp;rt_timer_check
</UL>

<P><STRONG><a name="[125]"></a>rt_list_isempty</STRONG> (Thumb, 16 bytes, Stack size 0 bytes, timer.o(i.rt_list_isempty))
<BR><BR>[Called By]<UL><LI><a href="#[123]">&gt;&gt;</a>&nbsp;&nbsp;&nbsp;rt_timer_check
</UL>

<P><STRONG><a name="[9e]"></a>rt_list_remove</STRONG> (Thumb, 18 bytes, Stack size 0 bytes, timer.o(i.rt_list_remove))
<BR><BR>[Called By]<UL><LI><a href="#[123]">&gt;&gt;</a>&nbsp;&nbsp;&nbsp;rt_timer_check
<LI><a href="#[9d]">&gt;&gt;</a>&nbsp;&nbsp;&nbsp;_rt_timer_remove
</UL>

<P><STRONG><a name="[a4]"></a>bus_fault_track</STRONG> (Thumb, 130 bytes, Stack size 8 bytes, cpuport.o(i.bus_fault_track))
<BR><BR>[Stack]<UL><LI>Max Depth = 188<LI>Call Chain = bus_fault_track &rArr; rt_kprintf &rArr; rt_vsnprintf &rArr; print_number
</UL>
<BR>[Calls]<UL><LI><a href="#[95]">&gt;&gt;</a>&nbsp;&nbsp;&nbsp;rt_kprintf
</UL>
<BR>[Called By]<UL><LI><a href="#[bf]">&gt;&gt;</a>&nbsp;&nbsp;&nbsp;hard_fault_track
</UL>

<P><STRONG><a name="[bf]"></a>hard_fault_track</STRONG> (Thumb, 82 bytes, Stack size 8 bytes, cpuport.o(i.hard_fault_track))
<BR><BR>[Stack]<UL><LI>Max Depth = 196<LI>Call Chain = hard_fault_track &rArr; usage_fault_track &rArr; rt_kprintf &rArr; rt_vsnprintf &rArr; print_number
</UL>
<BR>[Calls]<UL><LI><a href="#[95]">&gt;&gt;</a>&nbsp;&nbsp;&nbsp;rt_kprintf
<LI><a href="#[c1]">&gt;&gt;</a>&nbsp;&nbsp;&nbsp;usage_fault_track
<LI><a href="#[c0]">&gt;&gt;</a>&nbsp;&nbsp;&nbsp;mem_manage_fault_track
<LI><a href="#[a4]">&gt;&gt;</a>&nbsp;&nbsp;&nbsp;bus_fault_track
</UL>
<BR>[Called By]<UL><LI><a href="#[67]">&gt;&gt;</a>&nbsp;&nbsp;&nbsp;rt_hw_hard_fault_exception
</UL>

<P><STRONG><a name="[c0]"></a>mem_manage_fault_track</STRONG> (Thumb, 114 bytes, Stack size 8 bytes, cpuport.o(i.mem_manage_fault_track))
<BR><BR>[Stack]<UL><LI>Max Depth = 188<LI>Call Chain = mem_manage_fault_track &rArr; rt_kprintf &rArr; rt_vsnprintf &rArr; print_number
</UL>
<BR>[Calls]<UL><LI><a href="#[95]">&gt;&gt;</a>&nbsp;&nbsp;&nbsp;rt_kprintf
</UL>
<BR>[Called By]<UL><LI><a href="#[bf]">&gt;&gt;</a>&nbsp;&nbsp;&nbsp;hard_fault_track
</UL>

<P><STRONG><a name="[c1]"></a>usage_fault_track</STRONG> (Thumb, 122 bytes, Stack size 8 bytes, cpuport.o(i.usage_fault_track))
<BR><BR>[Stack]<UL><LI>Max Depth = 188<LI>Call Chain = usage_fault_track &rArr; rt_kprintf &rArr; rt_vsnprintf &rArr; print_number
</UL>
<BR>[Calls]<UL><LI><a href="#[95]">&gt;&gt;</a>&nbsp;&nbsp;&nbsp;rt_kprintf
</UL>
<BR>[Called By]<UL><LI><a href="#[bf]">&gt;&gt;</a>&nbsp;&nbsp;&nbsp;hard_fault_track
</UL>

<P><STRONG><a name="[56]"></a>clear</STRONG> (Thumb, 12 bytes, Stack size 8 bytes, cmd.o(i.clear))
<BR><BR>[Stack]<UL><LI>Max Depth = 188<LI>Call Chain = clear &rArr; rt_kprintf &rArr; rt_vsnprintf &rArr; print_number
</UL>
<BR>[Calls]<UL><LI><a href="#[95]">&gt;&gt;</a>&nbsp;&nbsp;&nbsp;rt_kprintf
</UL>
<BR>[Address Reference Count : 1]<UL><LI> cmd.o(FSymTab)
</UL>
<P><STRONG><a name="[d2]"></a>list_find_init</STRONG> (Thumb, 42 bytes, Stack size 32 bytes, cmd.o(i.list_find_init))
<BR><BR>[Stack]<UL><LI>Max Depth = 32<LI>Call Chain = list_find_init
</UL>
<BR>[Calls]<UL><LI><a href="#[d8]">&gt;&gt;</a>&nbsp;&nbsp;&nbsp;rt_object_get_information
</UL>
<BR>[Called By]<UL><LI><a href="#[58]">&gt;&gt;</a>&nbsp;&nbsp;&nbsp;list_thread
<LI><a href="#[60]">&gt;&gt;</a>&nbsp;&nbsp;&nbsp;list_timer
<LI><a href="#[59]">&gt;&gt;</a>&nbsp;&nbsp;&nbsp;list_sem
<LI><a href="#[5b]">&gt;&gt;</a>&nbsp;&nbsp;&nbsp;list_mutex
<LI><a href="#[5d]">&gt;&gt;</a>&nbsp;&nbsp;&nbsp;list_msgqueue
<LI><a href="#[5f]">&gt;&gt;</a>&nbsp;&nbsp;&nbsp;list_mempool
<LI><a href="#[5e]">&gt;&gt;</a>&nbsp;&nbsp;&nbsp;list_memheap
<LI><a href="#[5c]">&gt;&gt;</a>&nbsp;&nbsp;&nbsp;list_mailbox
<LI><a href="#[5a]">&gt;&gt;</a>&nbsp;&nbsp;&nbsp;list_event
</UL>

<P><STRONG><a name="[d4]"></a>list_get_next</STRONG> (Thumb, 136 bytes, Stack size 40 bytes, cmd.o(i.list_get_next))
<BR><BR>[Stack]<UL><LI>Max Depth = 40<LI>Call Chain = list_get_next
</UL>
<BR>[Calls]<UL><LI><a href="#[a0]">&gt;&gt;</a>&nbsp;&nbsp;&nbsp;rt_hw_interrupt_enable
<LI><a href="#[96]">&gt;&gt;</a>&nbsp;&nbsp;&nbsp;rt_hw_interrupt_disable
</UL>
<BR>[Called By]<UL><LI><a href="#[58]">&gt;&gt;</a>&nbsp;&nbsp;&nbsp;list_thread
<LI><a href="#[60]">&gt;&gt;</a>&nbsp;&nbsp;&nbsp;list_timer
<LI><a href="#[59]">&gt;&gt;</a>&nbsp;&nbsp;&nbsp;list_sem
<LI><a href="#[5b]">&gt;&gt;</a>&nbsp;&nbsp;&nbsp;list_mutex
<LI><a href="#[5d]">&gt;&gt;</a>&nbsp;&nbsp;&nbsp;list_msgqueue
<LI><a href="#[5f]">&gt;&gt;</a>&nbsp;&nbsp;&nbsp;list_mempool
<LI><a href="#[5e]">&gt;&gt;</a>&nbsp;&nbsp;&nbsp;list_memheap
<LI><a href="#[5c]">&gt;&gt;</a>&nbsp;&nbsp;&nbsp;list_mailbox
<LI><a href="#[5a]">&gt;&gt;</a>&nbsp;&nbsp;&nbsp;list_event
</UL>

<P><STRONG><a name="[d3]"></a>object_split</STRONG> (Thumb, 22 bytes, Stack size 8 bytes, cmd.o(i.object_split))
<BR><BR>[Stack]<UL><LI>Max Depth = 188<LI>Call Chain = object_split &rArr; rt_kprintf &rArr; rt_vsnprintf &rArr; print_number
</UL>
<BR>[Calls]<UL><LI><a href="#[95]">&gt;&gt;</a>&nbsp;&nbsp;&nbsp;rt_kprintf
</UL>
<BR>[Called By]<UL><LI><a href="#[58]">&gt;&gt;</a>&nbsp;&nbsp;&nbsp;list_thread
<LI><a href="#[60]">&gt;&gt;</a>&nbsp;&nbsp;&nbsp;list_timer
<LI><a href="#[59]">&gt;&gt;</a>&nbsp;&nbsp;&nbsp;list_sem
<LI><a href="#[5b]">&gt;&gt;</a>&nbsp;&nbsp;&nbsp;list_mutex
<LI><a href="#[5d]">&gt;&gt;</a>&nbsp;&nbsp;&nbsp;list_msgqueue
<LI><a href="#[5f]">&gt;&gt;</a>&nbsp;&nbsp;&nbsp;list_mempool
<LI><a href="#[5e]">&gt;&gt;</a>&nbsp;&nbsp;&nbsp;list_memheap
<LI><a href="#[5c]">&gt;&gt;</a>&nbsp;&nbsp;&nbsp;list_mailbox
<LI><a href="#[5a]">&gt;&gt;</a>&nbsp;&nbsp;&nbsp;list_event
</UL>

<P><STRONG><a name="[d5]"></a>rt_list_isempty</STRONG> (Thumb, 16 bytes, Stack size 0 bytes, cmd.o(i.rt_list_isempty))
<BR><BR>[Called By]<UL><LI><a href="#[59]">&gt;&gt;</a>&nbsp;&nbsp;&nbsp;list_sem
<LI><a href="#[5d]">&gt;&gt;</a>&nbsp;&nbsp;&nbsp;list_msgqueue
<LI><a href="#[5c]">&gt;&gt;</a>&nbsp;&nbsp;&nbsp;list_mailbox
<LI><a href="#[5a]">&gt;&gt;</a>&nbsp;&nbsp;&nbsp;list_event
</UL>

<P><STRONG><a name="[d6]"></a>rt_list_len</STRONG> (Thumb, 20 bytes, Stack size 0 bytes, cmd.o(i.rt_list_len))
<BR><BR>[Called By]<UL><LI><a href="#[59]">&gt;&gt;</a>&nbsp;&nbsp;&nbsp;list_sem
<LI><a href="#[5b]">&gt;&gt;</a>&nbsp;&nbsp;&nbsp;list_mutex
<LI><a href="#[5d]">&gt;&gt;</a>&nbsp;&nbsp;&nbsp;list_msgqueue
<LI><a href="#[5c]">&gt;&gt;</a>&nbsp;&nbsp;&nbsp;list_mailbox
<LI><a href="#[5a]">&gt;&gt;</a>&nbsp;&nbsp;&nbsp;list_event
</UL>

<P><STRONG><a name="[d7]"></a>show_wait_queue</STRONG> (Thumb, 40 bytes, Stack size 16 bytes, cmd.o(i.show_wait_queue))
<BR><BR>[Stack]<UL><LI>Max Depth = 196<LI>Call Chain = show_wait_queue &rArr; rt_kprintf &rArr; rt_vsnprintf &rArr; print_number
</UL>
<BR>[Calls]<UL><LI><a href="#[95]">&gt;&gt;</a>&nbsp;&nbsp;&nbsp;rt_kprintf
</UL>
<BR>[Called By]<UL><LI><a href="#[59]">&gt;&gt;</a>&nbsp;&nbsp;&nbsp;list_sem
<LI><a href="#[5d]">&gt;&gt;</a>&nbsp;&nbsp;&nbsp;list_msgqueue
<LI><a href="#[5f]">&gt;&gt;</a>&nbsp;&nbsp;&nbsp;list_mempool
<LI><a href="#[5c]">&gt;&gt;</a>&nbsp;&nbsp;&nbsp;list_mailbox
<LI><a href="#[5a]">&gt;&gt;</a>&nbsp;&nbsp;&nbsp;list_event
</UL>

<P><STRONG><a name="[8f]"></a>_msh_exec_cmd</STRONG> (Thumb, 136 bytes, Stack size 72 bytes, msh.o(i._msh_exec_cmd))
<BR><BR>[Stack]<UL><LI>Max Depth = 284<LI>Call Chain = _msh_exec_cmd &rArr; msh_split &rArr; rt_kprintf &rArr; rt_vsnprintf &rArr; print_number
</UL>
<BR>[Calls]<UL><LI><a href="#[90]">&gt;&gt;</a>&nbsp;&nbsp;&nbsp;rt_assert_handler
<LI><a href="#[92]">&gt;&gt;</a>&nbsp;&nbsp;&nbsp;__aeabi_memclr4
<LI><a href="#[93]">&gt;&gt;</a>&nbsp;&nbsp;&nbsp;msh_split
<LI><a href="#[91]">&gt;&gt;</a>&nbsp;&nbsp;&nbsp;msh_get_cmd
</UL>
<BR>[Called By]<UL><LI><a href="#[b8]">&gt;&gt;</a>&nbsp;&nbsp;&nbsp;msh_exec
</UL>

<P><STRONG><a name="[91]"></a>msh_get_cmd</STRONG> (Thumb, 76 bytes, Stack size 24 bytes, msh.o(i.msh_get_cmd))
<BR><BR>[Stack]<UL><LI>Max Depth = 36<LI>Call Chain = msh_get_cmd &rArr; strncmp
</UL>
<BR>[Calls]<UL><LI><a href="#[d1]">&gt;&gt;</a>&nbsp;&nbsp;&nbsp;strncmp
</UL>
<BR>[Called By]<UL><LI><a href="#[8f]">&gt;&gt;</a>&nbsp;&nbsp;&nbsp;_msh_exec_cmd
</UL>

<P><STRONG><a name="[93]"></a>msh_split</STRONG> (Thumb, 202 bytes, Stack size 32 bytes, msh.o(i.msh_split))
<BR><BR>[Stack]<UL><LI>Max Depth = 212<LI>Call Chain = msh_split &rArr; rt_kprintf &rArr; rt_vsnprintf &rArr; print_number
</UL>
<BR>[Calls]<UL><LI><a href="#[95]">&gt;&gt;</a>&nbsp;&nbsp;&nbsp;rt_kprintf
</UL>
<BR>[Called By]<UL><LI><a href="#[8f]">&gt;&gt;</a>&nbsp;&nbsp;&nbsp;_msh_exec_cmd
</UL>

<P><STRONG><a name="[e0]"></a>str_common</STRONG> (Thumb, 36 bytes, Stack size 8 bytes, msh.o(i.str_common))
<BR><BR>[Stack]<UL><LI>Max Depth = 8<LI>Call Chain = str_common
</UL>
<BR>[Called By]<UL><LI><a href="#[df]">&gt;&gt;</a>&nbsp;&nbsp;&nbsp;msh_auto_complete
</UL>

<P><STRONG><a name="[aa]"></a>finsh_getchar</STRONG> (Thumb, 8 bytes, Stack size 8 bytes, shell.o(i.finsh_getchar))
<BR><BR>[Stack]<UL><LI>Max Depth = 332<LI>Call Chain = finsh_getchar &rArr; rt_hw_console_getchar &rArr; rt_mb_recv &rArr; rt_ipc_list_suspend &rArr; rt_thread_suspend &rArr; rt_timer_stop &rArr; rt_object_get_type &rArr; rt_assert_handler &rArr; rt_kprintf &rArr; rt_vsnprintf &rArr; print_number
</UL>
<BR>[Calls]<UL><LI><a href="#[ab]">&gt;&gt;</a>&nbsp;&nbsp;&nbsp;rt_hw_console_getchar
</UL>
<BR>[Called By]<UL><LI><a href="#[4d]">&gt;&gt;</a>&nbsp;&nbsp;&nbsp;finsh_thread_entry
</UL>

<P><STRONG><a name="[b5]"></a>shell_auto_complete</STRONG> (Thumb, 42 bytes, Stack size 16 bytes, shell.o(i.shell_auto_complete))
<BR><BR>[Stack]<UL><LI>Max Depth = 244<LI>Call Chain = shell_auto_complete &rArr; msh_auto_complete &rArr; msh_help &rArr; rt_kprintf &rArr; rt_vsnprintf &rArr; print_number
</UL>
<BR>[Calls]<UL><LI><a href="#[95]">&gt;&gt;</a>&nbsp;&nbsp;&nbsp;rt_kprintf
<LI><a href="#[a5]">&gt;&gt;</a>&nbsp;&nbsp;&nbsp;finsh_get_prompt
<LI><a href="#[a7]">&gt;&gt;</a>&nbsp;&nbsp;&nbsp;msh_is_used
<LI><a href="#[df]">&gt;&gt;</a>&nbsp;&nbsp;&nbsp;msh_auto_complete
</UL>
<BR>[Called By]<UL><LI><a href="#[4d]">&gt;&gt;</a>&nbsp;&nbsp;&nbsp;finsh_thread_entry
</UL>

<P><STRONG><a name="[b4]"></a>shell_handle_history</STRONG> (Thumb, 32 bytes, Stack size 16 bytes, shell.o(i.shell_handle_history))
<BR><BR>[Stack]<UL><LI>Max Depth = 196<LI>Call Chain = shell_handle_history &rArr; rt_kprintf &rArr; rt_vsnprintf &rArr; print_number
</UL>
<BR>[Calls]<UL><LI><a href="#[95]">&gt;&gt;</a>&nbsp;&nbsp;&nbsp;rt_kprintf
<LI><a href="#[a5]">&gt;&gt;</a>&nbsp;&nbsp;&nbsp;finsh_get_prompt
</UL>
<BR>[Called By]<UL><LI><a href="#[4d]">&gt;&gt;</a>&nbsp;&nbsp;&nbsp;finsh_thread_entry
</UL>

<P><STRONG><a name="[b7]"></a>shell_push_history</STRONG> (Thumb, 216 bytes, Stack size 16 bytes, shell.o(i.shell_push_history))
<BR><BR>[Stack]<UL><LI>Max Depth = 28<LI>Call Chain = shell_push_history &rArr; memcmp
</UL>
<BR>[Calls]<UL><LI><a href="#[12a]">&gt;&gt;</a>&nbsp;&nbsp;&nbsp;memcmp
<LI><a href="#[68]">&gt;&gt;</a>&nbsp;&nbsp;&nbsp;__aeabi_memclr
<LI><a href="#[b2]">&gt;&gt;</a>&nbsp;&nbsp;&nbsp;__aeabi_memcpy
</UL>
<BR>[Called By]<UL><LI><a href="#[4d]">&gt;&gt;</a>&nbsp;&nbsp;&nbsp;finsh_thread_entry
</UL>
<P>
<H3>
Undefined Global Symbols
</H3><HR></body></html>
